Archive member included to satisfy reference by file (symbol)

C:/ST/STM32CubeIDE_1.18.0/STM32CubeIDE/plugins/com.st.stm32cube.ide.mcu.externaltools.gnu-tools-for-stm32.13.3.rel1.win32_1.0.0.202411081344/tools/bin/../lib/gcc/arm-none-eabi/13.3.1/../../../../arm-none-eabi/lib/thumb/v6-m/nofp\libc_nano.a(libc_a-exit.o)
                              C:/ST/STM32CubeIDE_1.18.0/STM32CubeIDE/plugins/com.st.stm32cube.ide.mcu.externaltools.gnu-tools-for-stm32.13.3.rel1.win32_1.0.0.202411081344/tools/bin/../lib/gcc/arm-none-eabi/13.3.1/../../../../arm-none-eabi/lib/thumb/v6-m/nofp/crt0.o (exit)
C:/ST/STM32CubeIDE_1.18.0/STM32CubeIDE/plugins/com.st.stm32cube.ide.mcu.externaltools.gnu-tools-for-stm32.13.3.rel1.win32_1.0.0.202411081344/tools/bin/../lib/gcc/arm-none-eabi/13.3.1/../../../../arm-none-eabi/lib/thumb/v6-m/nofp\libc_nano.a(libc_a-rand.o)
                              ./BlueNRG_MS/App/app_bluenrg_ms.o (srand)
C:/ST/STM32CubeIDE_1.18.0/STM32CubeIDE/plugins/com.st.stm32cube.ide.mcu.externaltools.gnu-tools-for-stm32.13.3.rel1.win32_1.0.0.202411081344/tools/bin/../lib/gcc/arm-none-eabi/13.3.1/../../../../arm-none-eabi/lib/thumb/v6-m/nofp\libc_nano.a(libc_a-findfp.o)
                              C:/ST/STM32CubeIDE_1.18.0/STM32CubeIDE/plugins/com.st.stm32cube.ide.mcu.externaltools.gnu-tools-for-stm32.13.3.rel1.win32_1.0.0.202411081344/tools/bin/../lib/gcc/arm-none-eabi/13.3.1/../../../../arm-none-eabi/lib/thumb/v6-m/nofp\libc_nano.a(libc_a-exit.o) (__stdio_exit_handler)
C:/ST/STM32CubeIDE_1.18.0/STM32CubeIDE/plugins/com.st.stm32cube.ide.mcu.externaltools.gnu-tools-for-stm32.13.3.rel1.win32_1.0.0.202411081344/tools/bin/../lib/gcc/arm-none-eabi/13.3.1/../../../../arm-none-eabi/lib/thumb/v6-m/nofp\libc_nano.a(libc_a-fwalk.o)
                              C:/ST/STM32CubeIDE_1.18.0/STM32CubeIDE/plugins/com.st.stm32cube.ide.mcu.externaltools.gnu-tools-for-stm32.13.3.rel1.win32_1.0.0.202411081344/tools/bin/../lib/gcc/arm-none-eabi/13.3.1/../../../../arm-none-eabi/lib/thumb/v6-m/nofp\libc_nano.a(libc_a-findfp.o) (_fwalk_sglue)
C:/ST/STM32CubeIDE_1.18.0/STM32CubeIDE/plugins/com.st.stm32cube.ide.mcu.externaltools.gnu-tools-for-stm32.13.3.rel1.win32_1.0.0.202411081344/tools/bin/../lib/gcc/arm-none-eabi/13.3.1/../../../../arm-none-eabi/lib/thumb/v6-m/nofp\libc_nano.a(libc_a-printf.o)
                              ./BlueNRG_MS/App/app_bluenrg_ms.o (printf)
C:/ST/STM32CubeIDE_1.18.0/STM32CubeIDE/plugins/com.st.stm32cube.ide.mcu.externaltools.gnu-tools-for-stm32.13.3.rel1.win32_1.0.0.202411081344/tools/bin/../lib/gcc/arm-none-eabi/13.3.1/../../../../arm-none-eabi/lib/thumb/v6-m/nofp\libc_nano.a(libc_a-puts.o)
                              ./BlueNRG_MS/App/app_bluenrg_ms.o (puts)
C:/ST/STM32CubeIDE_1.18.0/STM32CubeIDE/plugins/com.st.stm32cube.ide.mcu.externaltools.gnu-tools-for-stm32.13.3.rel1.win32_1.0.0.202411081344/tools/bin/../lib/gcc/arm-none-eabi/13.3.1/../../../../arm-none-eabi/lib/thumb/v6-m/nofp\libc_nano.a(libc_a-stdio.o)
                              C:/ST/STM32CubeIDE_1.18.0/STM32CubeIDE/plugins/com.st.stm32cube.ide.mcu.externaltools.gnu-tools-for-stm32.13.3.rel1.win32_1.0.0.202411081344/tools/bin/../lib/gcc/arm-none-eabi/13.3.1/../../../../arm-none-eabi/lib/thumb/v6-m/nofp\libc_nano.a(libc_a-findfp.o) (__sread)
C:/ST/STM32CubeIDE_1.18.0/STM32CubeIDE/plugins/com.st.stm32cube.ide.mcu.externaltools.gnu-tools-for-stm32.13.3.rel1.win32_1.0.0.202411081344/tools/bin/../lib/gcc/arm-none-eabi/13.3.1/../../../../arm-none-eabi/lib/thumb/v6-m/nofp\libc_nano.a(libc_a-wbuf.o)
                              C:/ST/STM32CubeIDE_1.18.0/STM32CubeIDE/plugins/com.st.stm32cube.ide.mcu.externaltools.gnu-tools-for-stm32.13.3.rel1.win32_1.0.0.202411081344/tools/bin/../lib/gcc/arm-none-eabi/13.3.1/../../../../arm-none-eabi/lib/thumb/v6-m/nofp\libc_nano.a(libc_a-puts.o) (__swbuf_r)
C:/ST/STM32CubeIDE_1.18.0/STM32CubeIDE/plugins/com.st.stm32cube.ide.mcu.externaltools.gnu-tools-for-stm32.13.3.rel1.win32_1.0.0.202411081344/tools/bin/../lib/gcc/arm-none-eabi/13.3.1/../../../../arm-none-eabi/lib/thumb/v6-m/nofp\libc_nano.a(libc_a-wsetup.o)
                              C:/ST/STM32CubeIDE_1.18.0/STM32CubeIDE/plugins/com.st.stm32cube.ide.mcu.externaltools.gnu-tools-for-stm32.13.3.rel1.win32_1.0.0.202411081344/tools/bin/../lib/gcc/arm-none-eabi/13.3.1/../../../../arm-none-eabi/lib/thumb/v6-m/nofp\libc_nano.a(libc_a-puts.o) (__swsetup_r)
C:/ST/STM32CubeIDE_1.18.0/STM32CubeIDE/plugins/com.st.stm32cube.ide.mcu.externaltools.gnu-tools-for-stm32.13.3.rel1.win32_1.0.0.202411081344/tools/bin/../lib/gcc/arm-none-eabi/13.3.1/../../../../arm-none-eabi/lib/thumb/v6-m/nofp\libc_nano.a(libc_a-memset.o)
                              C:/ST/STM32CubeIDE_1.18.0/STM32CubeIDE/plugins/com.st.stm32cube.ide.mcu.externaltools.gnu-tools-for-stm32.13.3.rel1.win32_1.0.0.202411081344/tools/bin/../lib/gcc/arm-none-eabi/13.3.1/../../../../arm-none-eabi/lib/thumb/v6-m/nofp/crt0.o (memset)
[...]
Memory Configuration

Name             Origin             Length             Attributes
RAM              0x20000000         0x00002000         xrw
FLASH            0x08000000         0x00010000         xr
*default*        0x00000000         0xffffffff

Linker script and memory map

LOAD C:/ST/STM32CubeIDE_1.18.0/STM32CubeIDE/plugins/com.st.stm32cube.ide.mcu.externaltools.gnu-tools-for-stm32.13.3.rel1.win32_1.0.0.202411081344/tools/bin/../lib/gcc/arm-none-eabi/13.3.1/thumb/v6-m/nofp/crti.o
LOAD C:/ST/STM32CubeIDE_1.18.0/STM32CubeIDE/plugins/com.st.stm32cube.ide.mcu.externaltools.gnu-tools-for-stm32.13.3.rel1.win32_1.0.0.202411081344/tools/bin/../lib/gcc/arm-none-eabi/13.3.1/thumb/v6-m/nofp/crtbegin.o
LOAD C:/ST/STM32CubeIDE_1.18.0/STM32CubeIDE/plugins/com.st.stm32cube.ide.mcu.externaltools.gnu-tools-for-stm32.13.3.rel1.win32_1.0.0.202411081344/tools/bin/../lib/gcc/arm-none-eabi/13.3.1/../../../../arm-none-eabi/lib/thumb/v6-m/nofp/crt0.o
LOAD ./BlueNRG_MS/App/app_bluenrg_ms.o
LOAD ./BlueNRG_MS/App/gatt_db.o
LOAD ./BlueNRG_MS/App/sensor.o
LOAD ./BlueNRG_MS/Target/hci_tl_interface.o
LOAD ./Core/Src/main.o
LOAD ./Core/Src/stm32l0xx_hal_msp.o
LOAD ./Core/Src/stm32l0xx_it.o
LOAD ./Core/Src/stm32l0xx_nucleo_bus.o
LOAD ./Core/Src/syscalls.o
LOAD ./Core/Src/sysmem.o
LOAD ./Core/Src/system_stm32l0xx.o
LOAD ./Core/Startup/startup_stm32l053r8tx.o
LOAD ./Drivers/BSP/Components/hts221/hts221.o
LOAD ./Drivers/BSP/Components/hts221/hts221_reg.o
LOAD ./Drivers/BSP/Components/lps22hb/lps22hb.o
LOAD ./Drivers/BSP/Components/lps22hb/lps22hb_reg.o
LOAD ./Drivers/BSP/Components/lsm303agr/lsm303agr.o
LOAD ./Drivers/BSP/Components/lsm303agr/lsm303agr_reg.o
LOAD ./Drivers/BSP/Components/lsm6dsl/lsm6dsl.o
LOAD ./Drivers/BSP/Components/lsm6dsl/lsm6dsl_reg.o
LOAD ./Drivers/BSP/IKS01A2/iks01a2_env_sensors.o
LOAD ./Drivers/BSP/IKS01A2/iks01a2_env_sensors_ex.o
LOAD ./Drivers/BSP/IKS01A2/iks01a2_motion_sensors.o
LOAD ./Drivers/BSP/IKS01A2/iks01a2_motion_sensors_ex.o
LOAD ./Drivers/BSP/STM32L0xx_Nucleo/stm32l0xx_nucleo.o
LOAD ./Drivers/STM32L0xx_HAL_Driver/Src/stm32l0xx_hal.o
LOAD ./Drivers/STM32L0xx_HAL_Driver/Src/stm32l0xx_hal_cortex.o
LOAD ./Drivers/STM32L0xx_HAL_Driver/Src/stm32l0xx_hal_dma.o
LOAD ./Drivers/STM32L0xx_HAL_Driver/Src/stm32l0xx_hal_exti.o
LOAD ./Drivers/STM32L0xx_HAL_Driver/Src/stm32l0xx_hal_flash.o
LOAD ./Drivers/STM32L0xx_HAL_Driver/Src/stm32l0xx_hal_flash_ex.o
LOAD ./Drivers/STM32L0xx_HAL_Driver/Src/stm32l0xx_hal_flash_ramfunc.o
LOAD ./Drivers/STM32L0xx_HAL_Driver/Src/stm32l0xx_hal_gpio.o
LOAD ./Drivers/STM32L0xx_HAL_Driver/Src/stm32l0xx_hal_i2c.o
LOAD ./Drivers/STM32L0xx_HAL_Driver/Src/stm32l0xx_hal_i2c_ex.o
LOAD ./Drivers/STM32L0xx_HAL_Driver/Src/stm32l0xx_hal_pwr.o
LOAD ./Drivers/STM32L0xx_HAL_Driver/Src/stm32l0xx_hal_pwr_ex.o
LOAD ./Drivers/STM32L0xx_HAL_Driver/Src/stm32l0xx_hal_rcc.o
LOAD ./Drivers/STM32L0xx_HAL_Driver/Src/stm32l0xx_hal_rcc_ex.o
LOAD ./Drivers/STM32L0xx_HAL_Driver/Src/stm32l0xx_hal_spi.o
LOAD ./Drivers/STM32L0xx_HAL_Driver/Src/stm32l0xx_hal_uart.o
LOAD ./Drivers/STM32L0xx_HAL_Driver/Src/stm32l0xx_hal_uart_ex.o
LOAD ./Middlewares/ST/BlueNRG-MS/hci/controller/bluenrg_gap_aci.o
LOAD ./Middlewares/ST/BlueNRG-MS/hci/controller/bluenrg_gatt_aci.o
LOAD ./Middlewares/ST/BlueNRG-MS/hci/controller/bluenrg_hal_aci.o
LOAD ./Middlewares/ST/BlueNRG-MS/hci/controller/bluenrg_l2cap_aci.o
LOAD ./Middlewares/ST/BlueNRG-MS/hci/controller/bluenrg_updater_aci.o
LOAD ./Middlewares/ST/BlueNRG-MS/hci/controller/bluenrg_utils_small.o
LOAD ./Middlewares/ST/BlueNRG-MS/hci/hci_le.o
LOAD ./Middlewares/ST/BlueNRG-MS/hci/hci_tl_patterns/Basic/hci_tl.o
LOAD ./Middlewares/ST/BlueNRG-MS/utils/ble_list.o
START GROUP
LOAD C:/ST/STM32CubeIDE_1.18.0/STM32CubeIDE/plugins/com.st.stm32cube.ide.mcu.externaltools.gnu-tools-for-stm32.13.3.rel1.win32_1.0.0.202411081344/tools/bin/../lib/gcc/arm-none-eabi/13.3.1/../../../../arm-none-eabi/lib/thumb/v6-m/nofp\libc_nano.a
LOAD C:/ST/STM32CubeIDE_1.18.0/STM32CubeIDE/plugins/com.st.stm32cube.ide.mcu.externaltools.gnu-tools-for-stm32.13.3.rel1.win32_1.0.0.202411081344/tools/bin/../lib/gcc/arm-none-eabi/13.3.1/../../../../arm-none-eabi/lib/thumb/v6-m/nofp\libm.a
END GROUP
START GROUP
LOAD C:/ST/STM32CubeIDE_1.18.0/STM32CubeIDE/plugins/com.st.stm32cube.ide.mcu.externaltools.gnu-tools-for-stm32.13.3.rel1.win32_1.0.0.202411081344/tools/bin/../lib/gcc/arm-none-eabi/13.3.1/thumb/v6-m/nofp\libgcc.a
LOAD C:/ST/STM32CubeIDE_1.18.0/STM32CubeIDE/plugins/com.st.stm32cube.ide.mcu.externaltools.gnu-tools-for-stm32.13.3.rel1.win32_1.0.0.202411081344/tools/bin/../lib/gcc/arm-none-eabi/13.3.1/../../../../arm-none-eabi/lib/thumb/v6-m/nofp\libc_nano.a
END GROUP
START GROUP
LOAD C:/ST/STM32CubeIDE_1.18.0/STM32CubeIDE/plugins/com.st.stm32cube.ide.mcu.externaltools.gnu-tools-for-stm32.13.3.rel1.win32_1.0.0.202411081344/tools/bin/../lib/gcc/arm-none-eabi/13.3.1/thumb/v6-m/nofp\libgcc.a
LOAD C:/ST/STM32CubeIDE_1.18.0/STM32CubeIDE/plugins/com.st.stm32cube.ide.mcu.externaltools.gnu-tools-for-stm32.13.3.rel1.win32_1.0.0.202411081344/tools/bin/../lib/gcc/arm-none-eabi/13.3.1/../../../../arm-none-eabi/lib/thumb/v6-m/nofp\libc_nano.a
LOAD C:/ST/STM32CubeIDE_1.18.0/STM32CubeIDE/plugins/com.st.stm32cube.ide.mcu.externaltools.gnu-tools-for-stm32.13.3.rel1.win32_1.0.0.202411081344/tools/bin/../lib/gcc/arm-none-eabi/13.3.1/../../../../arm-none-eabi/lib/thumb/v6-m/nofp\libnosys.a
END GROUP
START GROUP
LOAD C:/ST/STM32CubeIDE_1.18.0/STM32CubeIDE/plugins/com.st.stm32cube.ide.mcu.externaltools.gnu-tools-for-stm32.13.3.rel1.win32_1.0.0.202411081344/tools/bin/../lib/gcc/arm-none-eabi/13.3.1/thumb/v6-m/nofp\libgcc.a
LOAD C:/ST/STM32CubeIDE_1.18.0/STM32CubeIDE/plugins/com.st.stm32cube.ide.mcu.externaltools.gnu-tools-for-stm32.13.3.rel1.win32_1.0.0.202411081344/tools/bin/../lib/gcc/arm-none-eabi/13.3.1/../../../../arm-none-eabi/lib/thumb/v6-m/nofp\libc_nano.a
LOAD C:/ST/STM32CubeIDE_1.18.0/STM32CubeIDE/plugins/com.st.stm32cube.ide.mcu.externaltools.gnu-tools-for-stm32.13.3.rel1.win32_1.0.0.202411081344/tools/bin/../lib/gcc/arm-none-eabi/13.3.1/../../../../arm-none-eabi/lib/thumb/v6-m/nofp\libnosys.a
END GROUP
LOAD C:/ST/STM32CubeIDE_1.18.0/STM32CubeIDE/plugins/com.st.stm32cube.ide.mcu.externaltools.gnu-tools-for-stm32.13.3.rel1.win32_1.0.0.202411081344/tools/bin/../lib/gcc/arm-none-eabi/13.3.1/thumb/v6-m/nofp/crtend.o
LOAD C:/ST/STM32CubeIDE_1.18.0/STM32CubeIDE/plugins/com.st.stm32cube.ide.mcu.externaltools.gnu-tools-for-stm32.13.3.rel1.win32_1.0.0.202411081344/tools/bin/../lib/gcc/arm-none-eabi/13.3.1/thumb/v6-m/nofp/crtn.o
                0x20002000                        _estack = (ORIGIN (RAM) + LENGTH (RAM))
                0x00000200                        _Min_Heap_Size = 0x200
                0x00000400                        _Min_Stack_Size = 0x400

.isr_vector     0x08000000       0xc0
                0x08000000                        . = ALIGN (0x4)
 *(.isr_vector)
 .isr_vector    0x08000000       0xc0 ./Core/Startup/startup_stm32l053r8tx.o
                0x08000000                g_pfnVectors
                0x080000c0                        . = ALIGN (0x4)

.text           0x080000c0     0xa864
                0x080000c0                        . = ALIGN (0x4)
 *(.text)
 .text          0x080000c0       0x48 C:/ST/STM32CubeIDE_1.18.0/STM32CubeIDE/plugins/com.st.stm32cube.ide.mcu.externaltools.gnu-tools-for-stm32.13.3.rel1.win32_1.0.0.202411081344/tools/bin/../lib/gcc/arm-none-eabi/13.3.1/thumb/v6-m/nofp/crtbegin.o
 .text          0x08000108       0x14 C:/ST/STM32CubeIDE_1.18.0/STM32CubeIDE/plugins/com.st.stm32cube.ide.mcu.externaltools.gnu-tools-for-stm32.13.3.rel1.win32_1.0.0.202411081344/tools/bin/../lib/gcc/arm-none-eabi/13.3.1/thumb/v6-m/nofp\libgcc.a(_thumb1_case_sqi.o)
                0x08000108                __gnu_thumb1_case_sqi
 .text          0x0800011c       0x14 C:/ST/STM32CubeIDE_1.18.0/STM32CubeIDE/plugins/com.st.stm32cube.ide.mcu.externaltools.gnu-tools-for-stm32.13.3.rel1.win32_1.0.0.202411081344/tools/bin/../lib/gcc/arm-none-eabi/13.3.1/thumb/v6-m/nofp\libgcc.a(_thumb1_case_uqi.o)
                0x0800011c                __gnu_thumb1_case_uqi
 .text          0x08000130       0x14 C:/ST/STM32CubeIDE_1.18.0/STM32CubeIDE/plugins/com.st.stm32cube.ide.mcu.externaltools.gnu-tools-for-stm32.13.3.rel1.win32_1.0.0.202411081344/tools/bin/../lib/gcc/arm-none-eabi/13.3.1/thumb/v6-m/nofp\libgcc.a(_thumb1_case_shi.o)
                0x08000130                __gnu_thumb1_case_shi
 .text          0x08000144      0x114 C:/ST/STM32CubeIDE_1.18.0/STM32CubeIDE/plugins/com.st.stm32cube.ide.mcu.externaltools.gnu-tools-for-stm32.13.3.rel1.win32_1.0.0.202411081344/tools/bin/../lib/gcc/arm-none-eabi/13.3.1/thumb/v6-m/nofp\libgcc.a(_udivsi3.o)
                0x08000144                __aeabi_uidiv
                0x08000144                __udivsi3
                0x08000250                __aeabi_uidivmod
 .text          0x08000258      0x1d4 C:/ST/STM32CubeIDE_1.18.0/STM32CubeIDE/plugins/com.st.stm32cube.ide.mcu.externaltools.gnu-tools-for-stm32.13.3.rel1.win32_1.0.0.202411081344/tools/bin/../lib/gcc/arm-none-eabi/13.3.1/thumb/v6-m/nofp\libgcc.a(_divsi3.o)
                0x08000258                __divsi3
                0x08000258                __aeabi_idiv
                0x08000424                __aeabi_idivmod
 .text          0x0800042c        0x4 C:/ST/STM32CubeIDE_1.18.0/STM32CubeIDE/plugins/com.st.stm32cube.ide.mcu.externaltools.gnu-tools-for-stm32.13.3.rel1.win32_1.0.0.202411081344/tools/bin/../lib/gcc/arm-none-eabi/13.3.1/thumb/v6-m/nofp\libgcc.a(_dvmd_tls.o)
                0x0800042c                __aeabi_idiv0
                0x0800042c                __aeabi_ldiv0
 .text          0x08000430       0x74 C:/ST/STM32CubeIDE_1.18.0/STM32CubeIDE/plugins/com.st.stm32cube.ide.mcu.externaltools.gnu-tools-for-stm32.13.3.rel1.win32_1.0.0.202411081344/tools/bin/../lib/gcc/arm-none-eabi/13.3.1/thumb/v6-m/nofp\libgcc.a(_arm_cmpsf2.o)
                0x08000430                __aeabi_cfrcmple
                0x08000438                __aeabi_cfcmpeq
                0x08000438                __aeabi_cfcmple
                0x08000448                __aeabi_fcmpeq
                0x08000454                __aeabi_fcmplt
                0x08000468                __aeabi_fcmple
                0x0800047c                __aeabi_fcmpgt
                0x08000490                __aeabi_fcmpge
 .text          0x080004a4       0x40 C:/ST/STM32CubeIDE_1.18.0/STM32CubeIDE/plugins/com.st.stm32cube.ide.mcu.externaltools.gnu-tools-for-stm32.13.3.rel1.win32_1.0.0.202411081344/tools/bin/../lib/gcc/arm-none-eabi/13.3.1/thumb/v6-m/nofp\libgcc.a(_aeabi_uldivmod.o)
                0x080004a4                __aeabi_uldivmod
 .text          0x080004e4       0x5c C:/ST/STM32CubeIDE_1.18.0/STM32CubeIDE/plugins/com.st.stm32cube.ide.mcu.externaltools.gnu-tools-for-stm32.13.3.rel1.win32_1.0.0.202411081344/tools/bin/../lib/gcc/arm-none-eabi/13.3.1/thumb/v6-m/nofp\libgcc.a(_muldi3.o)
                0x080004e4                __muldi3
                0x080004e4                __aeabi_lmul
 .text          0x08000540       0x2c C:/ST/STM32CubeIDE_1.18.0/STM32CubeIDE/plugins/com.st.stm32cube.ide.mcu.externaltools.gnu-tools-for-stm32.13.3.rel1.win32_1.0.0.202411081344/tools/bin/../lib/gcc/arm-none-eabi/13.3.1/thumb/v6-m/nofp\libgcc.a(_floatundidf.o)
                0x08000540                __floatundidf
                0x08000540                __aeabi_ul2d
 .text          0x0800056c      0x198 C:/ST/STM32CubeIDE_1.18.0/STM32CubeIDE/plugins/com.st.stm32cube.ide.mcu.externaltools.gnu-tools-for-stm32.13.3.rel1.win32_1.0.0.202411081344/tools/bin/../lib/gcc/arm-none-eabi/13.3.1/thumb/v6-m/nofp\libgcc.a(_udivmoddi4.o)
                0x0800056c                __udivmoddi4
 .text          0x08000704      0x3e4 C:/ST/STM32CubeIDE_1.18.0/STM32CubeIDE/plugins/com.st.stm32cube.ide.mcu.externaltools.gnu-tools-for-stm32.13.3.rel1.win32_1.0.0.202411081344/tools/bin/../lib/gcc/arm-none-eabi/13.3.1/thumb/v6-m/nofp\libgcc.a(addsf3.o)
                0x08000704                __aeabi_fadd
 .text          0x08000ae8      0x22c C:/ST/STM32CubeIDE_1.18.0/STM32CubeIDE/plugins/com.st.stm32cube.ide.mcu.externaltools.gnu-tools-for-stm32.13.3.rel1.win32_1.0.0.202411081344/tools/bin/../lib/gcc/arm-none-eabi/13.3.1/thumb/v6-m/nofp\libgcc.a(divsf3.o)
                0x08000ae8                __aeabi_fdiv
 .text          0x08000d14       0x50 C:/ST/STM32CubeIDE_1.18.0/STM32CubeIDE/plugins/com.st.stm32cube.ide.mcu.externaltools.gnu-tools-for-stm32.13.3.rel1.win32_1.0.0.202411081344/tools/bin/../lib/gcc/arm-none-eabi/13.3.1/thumb/v6-m/nofp\libgcc.a(eqsf2.o)
                0x08000d14                __eqsf2
                0x08000d14                __nesf2
 .text          0x08000d64       0x90 C:/ST/STM32CubeIDE_1.18.0/STM32CubeIDE/plugins/com.st.stm32cube.ide.mcu.externaltools.gnu-tools-for-stm32.13.3.rel1.win32_1.0.0.202411081344/tools/bin/../lib/gcc/arm-none-eabi/13.3.1/thumb/v6-m/nofp\libgcc.a(gesf2.o)
                0x08000d64                __gesf2
                0x08000d64                __gtsf2
 .text          0x08000df4       0x90 C:/ST/STM32CubeIDE_1.18.0/STM32CubeIDE/plugins/com.st.stm32cube.ide.mcu.externaltools.gnu-tools-for-stm32.13.3.rel1.win32_1.0.0.202411081344/tools/bin/../lib/gcc/arm-none-eabi/13.3.1/thumb/v6-m/nofp\libgcc.a(lesf2.o)
                0x08000df4                __ltsf2
                0x08000df4                __lesf2
 .text          0x08000e84      0x2b4 C:/ST/STM32CubeIDE_1.18.0/STM32CubeIDE/plugins/com.st.stm32cube.ide.mcu.externaltools.gnu-tools-for-stm32.13.3.rel1.win32_1.0.0.202411081344/tools/bin/../lib/gcc/arm-none-eabi/13.3.1/thumb/v6-m/nofp\libgcc.a(mulsf3.o)
                0x08000e84                __aeabi_fmul
 .text          0x08001138      0x4c8 C:/ST/STM32CubeIDE_1.18.0/STM32CubeIDE/plugins/com.st.stm32cube.ide.mcu.externaltools.gnu-tools-for-stm32.13.3.rel1.win32_1.0.0.202411081344/tools/bin/../lib/gcc/arm-none-eabi/13.3.1/thumb/v6-m/nofp\libgcc.a(subsf3.o)
                0x08001138                __aeabi_fsub
 .text          0x08001600       0x40 C:/ST/STM32CubeIDE_1.18.0/STM32CubeIDE/plugins/com.st.stm32cube.ide.mcu.externaltools.gnu-tools-for-stm32.13.3.rel1.win32_1.0.0.202411081344/tools/bin/../lib/gcc/arm-none-eabi/13.3.1/thumb/v6-m/nofp\libgcc.a(fixsfsi.o)
                0x08001600                __aeabi_f2iz
 .text          0x08001640       0xa0 C:/ST/STM32CubeIDE_1.18.0/STM32CubeIDE/plugins/com.st.stm32cube.ide.mcu.externaltools.gnu-tools-for-stm32.13.3.rel1.win32_1.0.0.202411081344/tools/bin/../lib/gcc/arm-none-eabi/13.3.1/thumb/v6-m/nofp\libgcc.a(floatsisf.o)
                0x08001640                __aeabi_i2f
 .text          0x080016e0      0x78c C:/ST/STM32CubeIDE_1.18.0/STM32CubeIDE/plugins/com.st.stm32cube.ide.mcu.externaltools.gnu-tools-for-stm32.13.3.rel1.win32_1.0.0.202411081344/tools/bin/../lib/gcc/arm-none-eabi/13.3.1/thumb/v6-m/nofp\libgcc.a(adddf3.o)
                0x080016e0                __aeabi_dadd
 .text          0x08001e6c      0x5cc C:/ST/STM32CubeIDE_1.18.0/STM32CubeIDE/plugins/com.st.stm32cube.ide.mcu.externaltools.gnu-tools-for-stm32.13.3.rel1.win32_1.0.0.202411081344/tools/bin/../lib/gcc/arm-none-eabi/13.3.1/thumb/v6-m/nofp\libgcc.a(muldf3.o)
                0x08001e6c                __aeabi_dmul
 .text          0x08002438       0x48 C:/ST/STM32CubeIDE_1.18.0/STM32CubeIDE/plugins/com.st.stm32cube.ide.mcu.externaltools.gnu-tools-for-stm32.13.3.rel1.win32_1.0.0.202411081344/tools/bin/../lib/gcc/arm-none-eabi/13.3.1/thumb/v6-m/nofp\libgcc.a(floatunsidf.o)
                0x08002438                __aeabi_ui2d
 .text          0x08002480      0x104 C:/ST/STM32CubeIDE_1.18.0/STM32CubeIDE/plugins/com.st.stm32cube.ide.mcu.externaltools.gnu-tools-for-stm32.13.3.rel1.win32_1.0.0.202411081344/tools/bin/../lib/gcc/arm-none-eabi/13.3.1/thumb/v6-m/nofp\libgcc.a(truncdfsf2.o)
                0x08002480                __aeabi_d2f
 .text          0x08002584       0x3c C:/ST/STM32CubeIDE_1.18.0/STM32CubeIDE/plugins/com.st.stm32cube.ide.mcu.externaltools.gnu-tools-for-stm32.13.3.rel1.win32_1.0.0.202411081344/tools/bin/../lib/gcc/arm-none-eabi/13.3.1/thumb/v6-m/nofp\libgcc.a(_clzsi2.o)
                0x08002584                __clzsi2
 .text          0x080025c0       0x18 C:/ST/STM32CubeIDE_1.18.0/STM32CubeIDE/plugins/com.st.stm32cube.ide.mcu.externaltools.gnu-tools-for-stm32.13.3.rel1.win32_1.0.0.202411081344/tools/bin/../lib/gcc/arm-none-eabi/13.3.1/thumb/v6-m/nofp\libgcc.a(_clzdi2.o)
                0x080025c0                __clzdi2
 *(.text*)
 .text.MX_BlueNRG_MS_Init
                0x080025d8      0x1b0 ./BlueNRG_MS/App/app_bluenrg_ms.o
                0x080025d8                MX_BlueNRG_MS_Init
 .text.MX_BlueNRG_MS_Process
                0x08002788      0x1e0 ./BlueNRG_MS/App/app_bluenrg_ms.o
                0x08002788                MX_BlueNRG_MS_Process
 .text.BSP_PB_Callback
                0x08002968        0xc ./BlueNRG_MS/App/app_bluenrg_ms.o
                0x08002968                BSP_PB_Callback
 .text.Add_HWServW2ST_Service
                0x08002974       0xe8 ./BlueNRG_MS/App/gatt_db.o
                0x08002974                Add_HWServW2ST_Service
 .text.Add_SWServW2ST_Service
                0x08002a5c       0x9c ./BlueNRG_MS/App/gatt_db.o
                0x08002a5c                Add_SWServW2ST_Service
 .text.Acc_Update
                0x08002af8       0x78 ./BlueNRG_MS/App/gatt_db.o
                0x08002af8                Acc_Update
 .text.Quat_Update
                0x08002b70       0x58 ./BlueNRG_MS/App/gatt_db.o
                0x08002b70                Quat_Update
 .text.BlueMS_Environmental_Update
                0x08002bc8       0x5c ./BlueNRG_MS/App/gatt_db.o
                0x08002bc8                BlueMS_Environmental_Update
 .text.Read_Request_CB
                0x08002c24      0x114 ./BlueNRG_MS/App/gatt_db.o
                0x08002c24                Read_Request_CB
 .text.Set_DeviceConnectable
                0x08002d38       0xbc ./BlueNRG_MS/App/sensor.o
                0x08002d38                Set_DeviceConnectable
 .text.GAP_DisconnectionComplete_CB
                0x08002df4       0x2c ./BlueNRG_MS/App/sensor.o
                0x08002df4                GAP_DisconnectionComplete_CB
 .text.GAP_ConnectionComplete_CB
                0x08002e20       0x44 ./BlueNRG_MS/App/sensor.o
                0x08002e20                GAP_ConnectionComplete_CB
 .text.user_notify
                0x08002e64       0x54 ./BlueNRG_MS/App/sensor.o
                0x08002e64                user_notify
 .text.HCI_TL_SPI_Init
                0x08002eb8       0x60 ./BlueNRG_MS/Target/hci_tl_interface.o
                0x08002eb8                HCI_TL_SPI_Init
 .text.HCI_TL_SPI_DeInit
                0x08002f18       0x24 ./BlueNRG_MS/Target/hci_tl_interface.o
                0x08002f18                HCI_TL_SPI_DeInit
 .text.HCI_TL_SPI_Reset
                0x08002f3c       0x38 ./BlueNRG_MS/Target/hci_tl_interface.o
                0x08002f3c                HCI_TL_SPI_Reset
 .text.HCI_TL_SPI_Receive
                0x08002f74       0x84 ./BlueNRG_MS/Target/hci_tl_interface.o
                0x08002f74                HCI_TL_SPI_Receive
 .text.HCI_TL_SPI_Send
                0x08002ff8       0x80 ./BlueNRG_MS/Target/hci_tl_interface.o
                0x08002ff8                HCI_TL_SPI_Send
 .text.hci_tl_lowlevel_isr
                0x08003078       0x1e ./BlueNRG_MS/Target/hci_tl_interface.o
                0x08003078                hci_tl_lowlevel_isr
 *fill*         0x08003096        0x2 
 .text.hci_tl_lowlevel_init
                0x08003098       0x6c ./BlueNRG_MS/Target/hci_tl_interface.o
                0x08003098                hci_tl_lowlevel_init
 .text.SystemClock_Config
                0x08003104       0x90 ./Core/Src/main.o
                0x08003104                SystemClock_Config
 .text.startup.main
                0x08003194       0xf0 ./Core/Src/main.o
                0x08003194                main
 .text.HAL_MspInit
                0x08003284       0x1c ./Core/Src/stm32l0xx_hal_msp.o
                0x08003284                HAL_MspInit
 .text.NMI_Handler
                0x080032a0        0x2 ./Core/Src/stm32l0xx_it.o
                0x080032a0                NMI_Handler
 .text.HardFault_Handler
                0x080032a2        0x2 ./Core/Src/stm32l0xx_it.o
                0x080032a2                HardFault_Handler
 .text.SVC_Handler
                0x080032a4        0x2 ./Core/Src/stm32l0xx_it.o
                0x080032a4                SVC_Handler
 .text.PendSV_Handler
                0x080032a6        0x2 ./Core/Src/stm32l0xx_it.o
                0x080032a6                PendSV_Handler
 .text.SysTick_Handler
                0x080032a8        0x8 ./Core/Src/stm32l0xx_it.o
                0x080032a8                SysTick_Handler
 .text.EXTI0_1_IRQHandler
                0x080032b0       0x10 ./Core/Src/stm32l0xx_it.o
                0x080032b0                EXTI0_1_IRQHandler
 .text.EXTI4_15_IRQHandler
                0x080032c0       0x10 ./Core/Src/stm32l0xx_it.o
                0x080032c0                EXTI4_15_IRQHandler
 .text.I2C1_IRQHandler
                0x080032d0       0x20 ./Core/Src/stm32l0xx_it.o
                0x080032d0                I2C1_IRQHandler
 .text.SPI1_IRQHandler
                0x080032f0       0x10 ./Core/Src/stm32l0xx_it.o
                0x080032f0                SPI1_IRQHandler
 .text.USART2_IRQHandler
                0x08003300       0x10 ./Core/Src/stm32l0xx_it.o
                0x08003300                USART2_IRQHandler
 .text.BSP_SPI1_SendRecv
                0x08003310       0x24 ./Core/Src/stm32l0xx_nucleo_bus.o
                0x08003310                BSP_SPI1_SendRecv
 .text.BSP_I2C1_DeInit
                0x08003334       0x60 ./Core/Src/stm32l0xx_nucleo_bus.o
                0x08003334                BSP_I2C1_DeInit
 .text.BSP_I2C1_WriteReg
                0x08003394       0x3c ./Core/Src/stm32l0xx_nucleo_bus.o
                0x08003394                BSP_I2C1_WriteReg
 .text.BSP_I2C1_ReadReg
                0x080033d0       0x3c ./Core/Src/stm32l0xx_nucleo_bus.o
                0x080033d0                BSP_I2C1_ReadReg
 .text.BSP_GetTick
                0x0800340c        0x8 ./Core/Src/stm32l0xx_nucleo_bus.o
                0x0800340c                BSP_GetTick
 .text.MX_SPI1_Init
                0x08003414       0x38 ./Core/Src/stm32l0xx_nucleo_bus.o
                0x08003414                MX_SPI1_Init
 .text.BSP_SPI1_Init
                0x0800344c       0xc8 ./Core/Src/stm32l0xx_nucleo_bus.o
                0x0800344c                BSP_SPI1_Init
 .text.MX_I2C1_Init
                0x08003514       0x50 ./Core/Src/stm32l0xx_nucleo_bus.o
                0x08003514                MX_I2C1_Init
 .text.BSP_I2C1_Init
                0x08003564       0xbc ./Core/Src/stm32l0xx_nucleo_bus.o
                0x08003564                BSP_I2C1_Init
 .text._getpid  0x08003620        0x4 ./Core/Src/syscalls.o
                0x08003620                _getpid
 .text._kill    0x08003624       0x10 ./Core/Src/syscalls.o
                0x08003624                _kill
 .text._exit    0x08003634        0xc ./Core/Src/syscalls.o
                0x08003634                _exit
 .text._read    0x08003640       0x1a ./Core/Src/syscalls.o
                0x08003640                _read
 .text._write   0x0800365a       0x1a ./Core/Src/syscalls.o
                0x0800365a                _write
 .text._close   0x08003674        0x6 ./Core/Src/syscalls.o
                0x08003674                _close
 .text._fstat   0x0800367a        0xa ./Core/Src/syscalls.o
                0x0800367a                _fstat
 .text._isatty  0x08003684        0x4 ./Core/Src/syscalls.o
                0x08003684                _isatty
 .text._lseek   0x08003688        0x4 ./Core/Src/syscalls.o
                0x08003688                _lseek
 .text._sbrk    0x0800368c       0x40 ./Core/Src/sysmem.o
                0x0800368c                _sbrk
 .text.SystemInit
                0x080036cc        0x2 ./Core/Src/system_stm32l0xx.o
                0x080036cc                SystemInit
 *fill*         0x080036ce        0x2 
 .text.Reset_Handler
                0x080036d0       0x50 ./Core/Startup/startup_stm32l053r8tx.o
                0x080036d0                Reset_Handler
 .text.Default_Handler
                0x08003720        0x2 ./Core/Startup/startup_stm32l053r8tx.o
                0x08003720                TSC_IRQHandler
                0x08003720                ADC1_COMP_IRQHandler
                0x08003720                PVD_IRQHandler
                0x08003720                RCC_CRS_IRQHandler
                0x08003720                TIM6_DAC_IRQHandler
                0x08003720                EXTI2_3_IRQHandler
                0x08003720                I2C2_IRQHandler
                0x08003720                RTC_IRQHandler
                0x08003720                LCD_IRQHandler
                0x08003720                DMA1_Channel4_5_6_7_IRQHandler
                0x08003720                DMA1_Channel1_IRQHandler
                0x08003720                Default_Handler
                0x08003720                TIM22_IRQHandler
                0x08003720                USB_IRQHandler
                0x08003720                SPI2_IRQHandler
                0x08003720                TIM21_IRQHandler
                0x08003720                WWDG_IRQHandler
                0x08003720                TIM2_IRQHandler
                0x08003720                DMA1_Channel2_3_IRQHandler
                0x08003720                FLASH_IRQHandler
                0x08003720                USART1_IRQHandler
                0x08003720                RNG_LPUART1_IRQHandler
                0x08003720                LPTIM1_IRQHandler
 *fill*         0x08003722        0x2 
 .text.HTS221_GetCapabilities
                0x08003724       0x1c ./Drivers/BSP/Components/hts221/hts221.o
                0x08003724                HTS221_GetCapabilities
 .text.HTS221_HUM_Enable
                0x08003740       0x30 ./Drivers/BSP/Components/hts221/hts221.o
                0x08003740                HTS221_HUM_Enable
 .text.HTS221_HUM_Disable
                0x08003770       0x2e ./Drivers/BSP/Components/hts221/hts221.o
                0x08003770                HTS221_HUM_Disable
 .text.HTS221_TEMP_Enable
                0x0800379e       0x30 ./Drivers/BSP/Components/hts221/hts221.o
                0x0800379e                HTS221_TEMP_Enable
 .text.HTS221_TEMP_Disable
                0x080037ce       0x2e ./Drivers/BSP/Components/hts221/hts221.o
                0x080037ce                HTS221_TEMP_Disable
 .text.HTS221_DeInit
                0x080037fc       0x2e ./Drivers/BSP/Components/hts221/hts221.o
                0x080037fc                HTS221_DeInit
 *fill*         0x0800382a        0x2 
 .text.HTS221_SetOutputDataRate
                0x0800382c       0x38 ./Drivers/BSP/Components/hts221/hts221.o
 .text.HTS221_Init
                0x08003864       0x46 ./Drivers/BSP/Components/hts221/hts221.o
                0x08003864                HTS221_Init
 .text.HTS221_HUM_SetOutputDataRate
                0x080038aa        0x8 ./Drivers/BSP/Components/hts221/hts221.o
                0x080038aa                HTS221_HUM_SetOutputDataRate
 .text.HTS221_ReadID
                0x080038b2       0x10 ./Drivers/BSP/Components/hts221/hts221.o
                0x080038b2                HTS221_ReadID
 *fill*         0x080038c2        0x2 
 .text.HTS221_GetOutputDataRate
                0x080038c4       0x48 ./Drivers/BSP/Components/hts221/hts221.o
 .text.HTS221_HUM_GetOutputDataRate
                0x0800390c        0x8 ./Drivers/BSP/Components/hts221/hts221.o
                0x0800390c                HTS221_HUM_GetOutputDataRate
 .text.HTS221_HUM_GetHumidity
                0x08003914       0xdc ./Drivers/BSP/Components/hts221/hts221.o
                0x08003914                HTS221_HUM_GetHumidity
 .text.ReadRegWrap
                0x080039f0       0x1c ./Drivers/BSP/Components/hts221/hts221.o
 .text.WriteRegWrap
                0x08003a0c       0x1c ./Drivers/BSP/Components/hts221/hts221.o
 .text.HTS221_TEMP_SetOutputDataRate
                0x08003a28        0x8 ./Drivers/BSP/Components/hts221/hts221.o
                0x08003a28                HTS221_TEMP_SetOutputDataRate
 .text.HTS221_TEMP_GetOutputDataRate
                0x08003a30        0x8 ./Drivers/BSP/Components/hts221/hts221.o
                0x08003a30                HTS221_TEMP_GetOutputDataRate
 .text.HTS221_TEMP_GetTemperature
                0x08003a38       0xb6 ./Drivers/BSP/Components/hts221/hts221.o
                0x08003a38                HTS221_TEMP_GetTemperature
 *fill*         0x08003aee        0x2 
 .text.HTS221_RegisterBusIO
                0x08003af0       0x48 ./Drivers/BSP/Components/hts221/hts221.o
                0x08003af0                HTS221_RegisterBusIO
 .text.hts221_read_reg
                0x08003b38        0xa ./Drivers/BSP/Components/hts221/hts221_reg.o
                0x08003b38                hts221_read_reg
 .text.hts221_write_reg
                0x08003b42        0xa ./Drivers/BSP/Components/hts221/hts221_reg.o
                0x08003b42                hts221_write_reg
 .text.hts221_data_rate_set
                0x08003b4c       0x30 ./Drivers/BSP/Components/hts221/hts221_reg.o
                0x08003b4c                hts221_data_rate_set
 .text.hts221_data_rate_get
                0x08003b7c       0x3a ./Drivers/BSP/Components/hts221/hts221_reg.o
                0x08003b7c                hts221_data_rate_get
 .text.hts221_block_data_update_set
                0x08003bb6       0x34 ./Drivers/BSP/Components/hts221/hts221_reg.o
                0x08003bb6                hts221_block_data_update_set
 .text.hts221_humidity_raw_get
                0x08003bea       0x1c ./Drivers/BSP/Components/hts221/hts221_reg.o
                0x08003bea                hts221_humidity_raw_get
 .text.hts221_temperature_raw_get
                0x08003c06       0x1c ./Drivers/BSP/Components/hts221/hts221_reg.o
                0x08003c06                hts221_temperature_raw_get
 .text.hts221_device_id_get
                0x08003c22        0xe ./Drivers/BSP/Components/hts221/hts221_reg.o
                0x08003c22                hts221_device_id_get
 .text.hts221_power_on_set
                0x08003c30       0x32 ./Drivers/BSP/Components/hts221/hts221_reg.o
                0x08003c30                hts221_power_on_set
 .text.hts221_hum_rh_point_0_get
                0x08003c62       0x28 ./Drivers/BSP/Components/hts221/hts221_reg.o
                0x08003c62                hts221_hum_rh_point_0_get
 .text.hts221_hum_rh_point_1_get
                0x08003c8a       0x28 ./Drivers/BSP/Components/hts221/hts221_reg.o
                0x08003c8a                hts221_hum_rh_point_1_get
 .text.hts221_temp_deg_point_0_get
                0x08003cb2       0x48 ./Drivers/BSP/Components/hts221/hts221_reg.o
                0x08003cb2                hts221_temp_deg_point_0_get
 .text.hts221_temp_deg_point_1_get
                0x08003cfa       0x4a ./Drivers/BSP/Components/hts221/hts221_reg.o
                0x08003cfa                hts221_temp_deg_point_1_get
 .text.hts221_hum_adc_point_0_get
                0x08003d44       0x28 ./Drivers/BSP/Components/hts221/hts221_reg.o
                0x08003d44                hts221_hum_adc_point_0_get
 .text.hts221_hum_adc_point_1_get
                0x08003d6c       0x28 ./Drivers/BSP/Components/hts221/hts221_reg.o
                0x08003d6c                hts221_hum_adc_point_1_get
 .text.hts221_temp_adc_point_0_get
                0x08003d94       0x28 ./Drivers/BSP/Components/hts221/hts221_reg.o
                0x08003d94                hts221_temp_adc_point_0_get
 .text.hts221_temp_adc_point_1_get
                0x08003dbc       0x28 ./Drivers/BSP/Components/hts221/hts221_reg.o
                0x08003dbc                hts221_temp_adc_point_1_get
 .text.LPS22HB_GetCapabilities
                0x08003de4       0x18 ./Drivers/BSP/Components/lps22hb/lps22hb.o
                0x08003de4                LPS22HB_GetCapabilities
 .text.LPS22HB_PRESS_Enable
                0x08003dfc       0x2a ./Drivers/BSP/Components/lps22hb/lps22hb.o
                0x08003dfc                LPS22HB_PRESS_Enable
 .text.LPS22HB_TEMP_Enable
                0x08003e26       0x2a ./Drivers/BSP/Components/lps22hb/lps22hb.o
                0x08003e26                LPS22HB_TEMP_Enable
 .text.LPS22HB_Init
                0x08003e50       0x68 ./Drivers/BSP/Components/lps22hb/lps22hb.o
                0x08003e50                LPS22HB_Init
 .text.LPS22HB_ReadID
                0x08003eb8       0x10 ./Drivers/BSP/Components/lps22hb/lps22hb.o
                0x08003eb8                LPS22HB_ReadID
 .text.LPS22HB_PRESS_Disable
                0x08003ec8       0x42 ./Drivers/BSP/Components/lps22hb/lps22hb.o
                0x08003ec8                LPS22HB_PRESS_Disable
 *fill*         0x08003f0a        0x2 
 .text.LPS22HB_GetOutputDataRate
                0x08003f0c       0x58 ./Drivers/BSP/Components/lps22hb/lps22hb.o
 .text.LPS22HB_PRESS_GetOutputDataRate
                0x08003f64        0x8 ./Drivers/BSP/Components/lps22hb/lps22hb.o
                0x08003f64                LPS22HB_PRESS_GetOutputDataRate
 .text.LPS22HB_SetOutputDataRate_When_Enabled
                0x08003f6c       0x70 ./Drivers/BSP/Components/lps22hb/lps22hb.o
 .text.LPS22HB_PRESS_SetOutputDataRate
                0x08003fdc       0x64 ./Drivers/BSP/Components/lps22hb/lps22hb.o
                0x08003fdc                LPS22HB_PRESS_SetOutputDataRate
 .text.LPS22HB_TEMP_Disable
                0x08004040       0x42 ./Drivers/BSP/Components/lps22hb/lps22hb.o
                0x08004040                LPS22HB_TEMP_Disable
 .text.LPS22HB_DeInit
                0x08004082       0x2e ./Drivers/BSP/Components/lps22hb/lps22hb.o
                0x08004082                LPS22HB_DeInit
 .text.LPS22HB_PRESS_GetPressure
                0x080040b0       0x26 ./Drivers/BSP/Components/lps22hb/lps22hb.o
                0x080040b0                LPS22HB_PRESS_GetPressure
 .text.LPS22HB_TEMP_GetTemperature
                0x080040d6       0x2c ./Drivers/BSP/Components/lps22hb/lps22hb.o
                0x080040d6                LPS22HB_TEMP_GetTemperature
 .text.ReadRegWrap
                0x08004102       0x42 ./Drivers/BSP/Components/lps22hb/lps22hb.o
 .text.WriteRegWrap
                0x08004144       0x42 ./Drivers/BSP/Components/lps22hb/lps22hb.o
 .text.LPS22HB_TEMP_GetOutputDataRate
                0x08004186        0x8 ./Drivers/BSP/Components/lps22hb/lps22hb.o
                0x08004186                LPS22HB_TEMP_GetOutputDataRate
 *fill*         0x0800418e        0x2 
 .text.LPS22HB_TEMP_SetOutputDataRate
                0x08004190       0x64 ./Drivers/BSP/Components/lps22hb/lps22hb.o
                0x08004190                LPS22HB_TEMP_SetOutputDataRate
 .text.LPS22HB_Write_Reg
                0x080041f4       0x1a ./Drivers/BSP/Components/lps22hb/lps22hb.o
                0x080041f4                LPS22HB_Write_Reg
 *fill*         0x0800420e        0x2 
 .text.LPS22HB_RegisterBusIO
                0x08004210       0x68 ./Drivers/BSP/Components/lps22hb/lps22hb.o
                0x08004210                LPS22HB_RegisterBusIO
 .text.lps22hb_read_reg
                0x08004278        0xa ./Drivers/BSP/Components/lps22hb/lps22hb_reg.o
                0x08004278                lps22hb_read_reg
 .text.lps22hb_write_reg
                0x08004282        0xa ./Drivers/BSP/Components/lps22hb/lps22hb_reg.o
                0x08004282                lps22hb_write_reg
 .text.lps22hb_from_lsb_to_hpa
                0x0800428c       0x10 ./Drivers/BSP/Components/lps22hb/lps22hb_reg.o
                0x0800428c                lps22hb_from_lsb_to_hpa
 .text.lps22hb_from_lsb_to_degc
                0x0800429c       0x14 ./Drivers/BSP/Components/lps22hb/lps22hb_reg.o
                0x0800429c                lps22hb_from_lsb_to_degc
 .text.lps22hb_block_data_update_set
                0x080042b0       0x34 ./Drivers/BSP/Components/lps22hb/lps22hb_reg.o
                0x080042b0                lps22hb_block_data_update_set
 .text.lps22hb_low_pass_filter_mode_set
                0x080042e4       0x36 ./Drivers/BSP/Components/lps22hb/lps22hb_reg.o
                0x080042e4                lps22hb_low_pass_filter_mode_set
 .text.lps22hb_data_rate_set
                0x0800431a       0x36 ./Drivers/BSP/Components/lps22hb/lps22hb_reg.o
                0x0800431a                lps22hb_data_rate_set
 .text.lps22hb_data_rate_get
                0x08004350       0x42 ./Drivers/BSP/Components/lps22hb/lps22hb_reg.o
                0x08004350                lps22hb_data_rate_get
 .text.lps22hb_pressure_raw_get
                0x08004392       0x24 ./Drivers/BSP/Components/lps22hb/lps22hb_reg.o
                0x08004392                lps22hb_pressure_raw_get
 .text.lps22hb_temperature_raw_get
                0x080043b6       0x1c ./Drivers/BSP/Components/lps22hb/lps22hb_reg.o
                0x080043b6                lps22hb_temperature_raw_get
 .text.lps22hb_device_id_get
                0x080043d2        0xe ./Drivers/BSP/Components/lps22hb/lps22hb_reg.o
                0x080043d2                lps22hb_device_id_get
 .text.lps22hb_low_power_set
                0x080043e0       0x2e ./Drivers/BSP/Components/lps22hb/lps22hb_reg.o
                0x080043e0                lps22hb_low_power_set
 .text.lps22hb_auto_add_inc_set
                0x0800440e       0x34 ./Drivers/BSP/Components/lps22hb/lps22hb_reg.o
                0x0800440e                lps22hb_auto_add_inc_set
 *fill*         0x08004442        0x2 
 .text.LSM303AGR_ACC_GetCapabilities
                0x08004444       0x20 ./Drivers/BSP/Components/lsm303agr/lsm303agr.o
                0x08004444                LSM303AGR_ACC_GetCapabilities
 .text.LSM303AGR_MAG_GetCapabilities
                0x08004464       0x20 ./Drivers/BSP/Components/lsm303agr/lsm303agr.o
                0x08004464                LSM303AGR_MAG_GetCapabilities
 .text.LSM303AGR_MAG_GetSensitivity
                0x08004484        0xa ./Drivers/BSP/Components/lsm303agr/lsm303agr.o
                0x08004484                LSM303AGR_MAG_GetSensitivity
 .text.LSM303AGR_MAG_GetFullScale
                0x0800448e        0x8 ./Drivers/BSP/Components/lsm303agr/lsm303agr.o
                0x0800448e                LSM303AGR_MAG_GetFullScale
 .text.LSM303AGR_MAG_SetFullScale
                0x08004496        0x4 ./Drivers/BSP/Components/lsm303agr/lsm303agr.o
                0x08004496                LSM303AGR_MAG_SetFullScale
 .text.LSM303AGR_ACC_Enable
                0x0800449a       0x2a ./Drivers/BSP/Components/lsm303agr/lsm303agr.o
                0x0800449a                LSM303AGR_ACC_Enable
 .text.LSM303AGR_ACC_SetOutputDataRate
                0x080044c4       0xe4 ./Drivers/BSP/Components/lsm303agr/lsm303agr.o
                0x080044c4                LSM303AGR_ACC_SetOutputDataRate
 .text.LSM303AGR_ACC_Init
                0x080045a8       0x48 ./Drivers/BSP/Components/lsm303agr/lsm303agr.o
                0x080045a8                LSM303AGR_ACC_Init
 .text.LSM303AGR_ACC_SetFullScale
                0x080045f0       0x26 ./Drivers/BSP/Components/lsm303agr/lsm303agr.o
                0x080045f0                LSM303AGR_ACC_SetFullScale
 .text.LSM303AGR_ACC_ReadID
                0x08004616       0x10 ./Drivers/BSP/Components/lsm303agr/lsm303agr.o
                0x08004616                LSM303AGR_ACC_ReadID
 .text.LSM303AGR_ACC_Disable
                0x08004626       0x34 ./Drivers/BSP/Components/lsm303agr/lsm303agr.o
                0x08004626                LSM303AGR_ACC_Disable
 .text.LSM303AGR_ACC_DeInit
                0x0800465a       0x1e ./Drivers/BSP/Components/lsm303agr/lsm303agr.o
                0x0800465a                LSM303AGR_ACC_DeInit
 .text.LSM303AGR_ACC_GetOutputDataRate
                0x08004678       0xb0 ./Drivers/BSP/Components/lsm303agr/lsm303agr.o
                0x08004678                LSM303AGR_ACC_GetOutputDataRate
 .text.LSM303AGR_ACC_GetSensitivity
                0x08004728       0xd8 ./Drivers/BSP/Components/lsm303agr/lsm303agr.o
                0x08004728                LSM303AGR_ACC_GetSensitivity
 .text.LSM303AGR_ACC_GetFullScale
                0x08004800       0x3c ./Drivers/BSP/Components/lsm303agr/lsm303agr.o
                0x08004800                LSM303AGR_ACC_GetFullScale
 .text.LSM303AGR_ACC_GetAxesRaw
                0x0800483c       0x68 ./Drivers/BSP/Components/lsm303agr/lsm303agr.o
                0x0800483c                LSM303AGR_ACC_GetAxesRaw
 .text.LSM303AGR_ACC_GetAxes
                0x080048a4       0x6e ./Drivers/BSP/Components/lsm303agr/lsm303agr.o
                0x080048a4                LSM303AGR_ACC_GetAxes
 .text.LSM303AGR_MAG_Enable
                0x08004912       0x26 ./Drivers/BSP/Components/lsm303agr/lsm303agr.o
                0x08004912                LSM303AGR_MAG_Enable
 .text.LSM303AGR_MAG_Disable
                0x08004938       0x24 ./Drivers/BSP/Components/lsm303agr/lsm303agr.o
                0x08004938                LSM303AGR_MAG_Disable
 .text.LSM303AGR_MAG_DeInit
                0x0800495c       0x18 ./Drivers/BSP/Components/lsm303agr/lsm303agr.o
                0x0800495c                LSM303AGR_MAG_DeInit
 .text.LSM303AGR_MAG_SetOutputDataRate
                0x08004974       0x4c ./Drivers/BSP/Components/lsm303agr/lsm303agr.o
                0x08004974                LSM303AGR_MAG_SetOutputDataRate
 .text.LSM303AGR_MAG_Init
                0x080049c0       0x44 ./Drivers/BSP/Components/lsm303agr/lsm303agr.o
                0x080049c0                LSM303AGR_MAG_Init
 .text.LSM303AGR_MAG_ReadID
                0x08004a04       0x10 ./Drivers/BSP/Components/lsm303agr/lsm303agr.o
                0x08004a04                LSM303AGR_MAG_ReadID
 .text.LSM303AGR_MAG_GetOutputDataRate
                0x08004a14       0x4c ./Drivers/BSP/Components/lsm303agr/lsm303agr.o
                0x08004a14                LSM303AGR_MAG_GetOutputDataRate
 .text.LSM303AGR_MAG_GetAxesRaw
                0x08004a60       0x2a ./Drivers/BSP/Components/lsm303agr/lsm303agr.o
                0x08004a60                LSM303AGR_MAG_GetAxesRaw
 .text.LSM303AGR_MAG_GetAxes
                0x08004a8a       0x62 ./Drivers/BSP/Components/lsm303agr/lsm303agr.o
                0x08004a8a                LSM303AGR_MAG_GetAxes
 .text.ReadAccRegWrap
                0x08004aec       0x1c ./Drivers/BSP/Components/lsm303agr/lsm303agr.o
 .text.WriteAccRegWrap
                0x08004b08       0x1c ./Drivers/BSP/Components/lsm303agr/lsm303agr.o
 .text.ReadMagRegWrap
                0x08004b24       0x1c ./Drivers/BSP/Components/lsm303agr/lsm303agr.o
 .text.WriteMagRegWrap
                0x08004b40       0x1c ./Drivers/BSP/Components/lsm303agr/lsm303agr.o
 .text.LSM303AGR_ACC_Write_Reg
                0x08004b5c       0x1a ./Drivers/BSP/Components/lsm303agr/lsm303agr.o
                0x08004b5c                LSM303AGR_ACC_Write_Reg
 *fill*         0x08004b76        0x2 
 .text.LSM303AGR_ACC_RegisterBusIO
                0x08004b78       0x68 ./Drivers/BSP/Components/lsm303agr/lsm303agr.o
                0x08004b78                LSM303AGR_ACC_RegisterBusIO
 .text.LSM303AGR_MAG_RegisterBusIO
                0x08004be0       0x64 ./Drivers/BSP/Components/lsm303agr/lsm303agr.o
                0x08004be0                LSM303AGR_MAG_RegisterBusIO
 .text.lsm303agr_read_reg
                0x08004c44        0xa ./Drivers/BSP/Components/lsm303agr/lsm303agr_reg.o
                0x08004c44                lsm303agr_read_reg
 .text.lsm303agr_write_reg
                0x08004c4e        0xa ./Drivers/BSP/Components/lsm303agr/lsm303agr_reg.o
                0x08004c4e                lsm303agr_write_reg
 .text.lsm303agr_xl_operating_mode_get
                0x08004c58       0x38 ./Drivers/BSP/Components/lsm303agr/lsm303agr_reg.o
                0x08004c58                lsm303agr_xl_operating_mode_get
 .text.lsm303agr_xl_data_rate_set
                0x08004c90       0x32 ./Drivers/BSP/Components/lsm303agr/lsm303agr_reg.o
                0x08004c90                lsm303agr_xl_data_rate_set
 .text.lsm303agr_xl_data_rate_get
                0x08004cc2       0x54 ./Drivers/BSP/Components/lsm303agr/lsm303agr_reg.o
                0x08004cc2                lsm303agr_xl_data_rate_get
 .text.lsm303agr_xl_full_scale_set
                0x08004d16       0x36 ./Drivers/BSP/Components/lsm303agr/lsm303agr_reg.o
                0x08004d16                lsm303agr_xl_full_scale_set
 .text.lsm303agr_xl_full_scale_get
                0x08004d4c       0x2c ./Drivers/BSP/Components/lsm303agr/lsm303agr_reg.o
                0x08004d4c                lsm303agr_xl_full_scale_get
 .text.lsm303agr_xl_block_data_update_set
                0x08004d78       0x32 ./Drivers/BSP/Components/lsm303agr/lsm303agr_reg.o
                0x08004d78                lsm303agr_xl_block_data_update_set
 .text.lsm303agr_acceleration_raw_get
                0x08004daa       0x34 ./Drivers/BSP/Components/lsm303agr/lsm303agr_reg.o
                0x08004daa                lsm303agr_acceleration_raw_get
 .text.lsm303agr_mag_operating_mode_set
                0x08004dde       0x30 ./Drivers/BSP/Components/lsm303agr/lsm303agr_reg.o
                0x08004dde                lsm303agr_mag_operating_mode_set
 .text.lsm303agr_mag_data_rate_set
                0x08004e0e       0x36 ./Drivers/BSP/Components/lsm303agr/lsm303agr_reg.o
                0x08004e0e                lsm303agr_mag_data_rate_set
 .text.lsm303agr_mag_data_rate_get
                0x08004e44       0x2c ./Drivers/BSP/Components/lsm303agr/lsm303agr_reg.o
                0x08004e44                lsm303agr_mag_data_rate_get
 .text.lsm303agr_mag_block_data_update_set
                0x08004e70       0x34 ./Drivers/BSP/Components/lsm303agr/lsm303agr_reg.o
                0x08004e70                lsm303agr_mag_block_data_update_set
 .text.lsm303agr_magnetic_raw_get
                0x08004ea4       0x34 ./Drivers/BSP/Components/lsm303agr/lsm303agr_reg.o
                0x08004ea4                lsm303agr_magnetic_raw_get
 .text.lsm303agr_xl_device_id_get
                0x08004ed8        0xe ./Drivers/BSP/Components/lsm303agr/lsm303agr_reg.o
                0x08004ed8                lsm303agr_xl_device_id_get
 .text.lsm303agr_mag_device_id_get
                0x08004ee6        0xe ./Drivers/BSP/Components/lsm303agr/lsm303agr_reg.o
                0x08004ee6                lsm303agr_mag_device_id_get
 .text.lsm303agr_mag_self_test_set
                0x08004ef4       0x34 ./Drivers/BSP/Components/lsm303agr/lsm303agr_reg.o
                0x08004ef4                lsm303agr_mag_self_test_set
 .text.lsm303agr_xl_fifo_mode_set
                0x08004f28       0x32 ./Drivers/BSP/Components/lsm303agr/lsm303agr_reg.o
                0x08004f28                lsm303agr_xl_fifo_mode_set
 .text.lsm303agr_mag_i2c_interface_set
                0x08004f5a       0x34 ./Drivers/BSP/Components/lsm303agr/lsm303agr_reg.o
                0x08004f5a                lsm303agr_mag_i2c_interface_set
 *fill*         0x08004f8e        0x2 
 .text.LSM6DSL_GetCapabilities
                0x08004f90       0x24 ./Drivers/BSP/Components/lsm6dsl/lsm6dsl.o
                0x08004f90                LSM6DSL_GetCapabilities
 .text.ReadRegWrap
                0x08004fb4        0xc ./Drivers/BSP/Components/lsm6dsl/lsm6dsl.o
 .text.WriteRegWrap
                0x08004fc0        0xc ./Drivers/BSP/Components/lsm6dsl/lsm6dsl.o
 .text.LSM6DSL_ACC_Enable
                0x08004fcc       0x2a ./Drivers/BSP/Components/lsm6dsl/lsm6dsl.o
                0x08004fcc                LSM6DSL_ACC_Enable
 *fill*         0x08004ff6        0x2 
 .text.LSM6DSL_ACC_SetOutputDataRate
                0x08004ff8      0x144 ./Drivers/BSP/Components/lsm6dsl/lsm6dsl.o
                0x08004ff8                LSM6DSL_ACC_SetOutputDataRate
 .text.LSM6DSL_ACC_SetFullScale
                0x0800513c       0x26 ./Drivers/BSP/Components/lsm6dsl/lsm6dsl.o
                0x0800513c                LSM6DSL_ACC_SetFullScale
 .text.LSM6DSL_GYRO_Enable
                0x08005162       0x2a ./Drivers/BSP/Components/lsm6dsl/lsm6dsl.o
                0x08005162                LSM6DSL_GYRO_Enable
 .text.LSM6DSL_GYRO_SetOutputDataRate
                0x0800518c      0x144 ./Drivers/BSP/Components/lsm6dsl/lsm6dsl.o
                0x0800518c                LSM6DSL_GYRO_SetOutputDataRate
 .text.LSM6DSL_Init
                0x080052d0       0x70 ./Drivers/BSP/Components/lsm6dsl/lsm6dsl.o
                0x080052d0                LSM6DSL_Init
 .text.LSM6DSL_GYRO_SetFullScale
                0x08005340       0x32 ./Drivers/BSP/Components/lsm6dsl/lsm6dsl.o
                0x08005340                LSM6DSL_GYRO_SetFullScale
 .text.LSM6DSL_ReadID
                0x08005372       0x10 ./Drivers/BSP/Components/lsm6dsl/lsm6dsl.o
                0x08005372                LSM6DSL_ReadID
 .text.LSM6DSL_ACC_Disable
                0x08005382       0x34 ./Drivers/BSP/Components/lsm6dsl/lsm6dsl.o
                0x08005382                LSM6DSL_ACC_Disable
 *fill*         0x080053b6        0x2 
 .text.LSM6DSL_ACC_GetOutputDataRate
                0x080053b8       0x90 ./Drivers/BSP/Components/lsm6dsl/lsm6dsl.o
                0x080053b8                LSM6DSL_ACC_GetOutputDataRate
 .text.LSM6DSL_ACC_GetSensitivity
                0x08005448       0x4c ./Drivers/BSP/Components/lsm6dsl/lsm6dsl.o
                0x08005448                LSM6DSL_ACC_GetSensitivity
 .text.LSM6DSL_ACC_GetFullScale
                0x08005494       0x3c ./Drivers/BSP/Components/lsm6dsl/lsm6dsl.o
                0x08005494                LSM6DSL_ACC_GetFullScale
 .text.LSM6DSL_ACC_GetAxesRaw
                0x080054d0       0x2a ./Drivers/BSP/Components/lsm6dsl/lsm6dsl.o
                0x080054d0                LSM6DSL_ACC_GetAxesRaw
 .text.LSM6DSL_ACC_GetAxes
                0x080054fa       0x70 ./Drivers/BSP/Components/lsm6dsl/lsm6dsl.o
                0x080054fa                LSM6DSL_ACC_GetAxes
 .text.LSM6DSL_GYRO_Disable
                0x0800556a       0x34 ./Drivers/BSP/Components/lsm6dsl/lsm6dsl.o
                0x0800556a                LSM6DSL_GYRO_Disable
 .text.LSM6DSL_DeInit
                0x0800559e       0x2a ./Drivers/BSP/Components/lsm6dsl/lsm6dsl.o
                0x0800559e                LSM6DSL_DeInit
 .text.LSM6DSL_GYRO_GetOutputDataRate
                0x080055c8       0x88 ./Drivers/BSP/Components/lsm6dsl/lsm6dsl.o
                0x080055c8                LSM6DSL_GYRO_GetOutputDataRate
 .text.LSM6DSL_GYRO_GetSensitivity
                0x08005650       0x58 ./Drivers/BSP/Components/lsm6dsl/lsm6dsl.o
                0x08005650                LSM6DSL_GYRO_GetSensitivity
 .text.LSM6DSL_GYRO_GetFullScale
                0x080056a8       0x4a ./Drivers/BSP/Components/lsm6dsl/lsm6dsl.o
                0x080056a8                LSM6DSL_GYRO_GetFullScale
 .text.LSM6DSL_GYRO_GetAxesRaw
                0x080056f2       0x2a ./Drivers/BSP/Components/lsm6dsl/lsm6dsl.o
                0x080056f2                LSM6DSL_GYRO_GetAxesRaw
 .text.LSM6DSL_GYRO_GetAxes
                0x0800571c       0x6c ./Drivers/BSP/Components/lsm6dsl/lsm6dsl.o
                0x0800571c                LSM6DSL_GYRO_GetAxes
 .text.LSM6DSL_Write_Reg
                0x08005788       0x1a ./Drivers/BSP/Components/lsm6dsl/lsm6dsl.o
                0x08005788                LSM6DSL_Write_Reg
 *fill*         0x080057a2        0x2 
 .text.LSM6DSL_RegisterBusIO
                0x080057a4       0x68 ./Drivers/BSP/Components/lsm6dsl/lsm6dsl.o
                0x080057a4                LSM6DSL_RegisterBusIO
 .text.lsm6dsl_read_reg
                0x0800580c        0xa ./Drivers/BSP/Components/lsm6dsl/lsm6dsl_reg.o
                0x0800580c                lsm6dsl_read_reg
 .text.lsm6dsl_write_reg
                0x08005816        0xa ./Drivers/BSP/Components/lsm6dsl/lsm6dsl_reg.o
                0x08005816                lsm6dsl_write_reg
 .text.lsm6dsl_xl_full_scale_set
                0x08005820       0x36 ./Drivers/BSP/Components/lsm6dsl/lsm6dsl_reg.o
                0x08005820                lsm6dsl_xl_full_scale_set
 .text.lsm6dsl_xl_full_scale_get
                0x08005856       0x3a ./Drivers/BSP/Components/lsm6dsl/lsm6dsl_reg.o
                0x08005856                lsm6dsl_xl_full_scale_get
 .text.lsm6dsl_xl_data_rate_set
                0x08005890       0x32 ./Drivers/BSP/Components/lsm6dsl/lsm6dsl_reg.o
                0x08005890                lsm6dsl_xl_data_rate_set
 .text.lsm6dsl_xl_data_rate_get
                0x080058c2       0x60 ./Drivers/BSP/Components/lsm6dsl/lsm6dsl_reg.o
                0x080058c2                lsm6dsl_xl_data_rate_get
 .text.lsm6dsl_gy_full_scale_set
                0x08005922       0x36 ./Drivers/BSP/Components/lsm6dsl/lsm6dsl_reg.o
                0x08005922                lsm6dsl_gy_full_scale_set
 .text.lsm6dsl_gy_full_scale_get
                0x08005958       0x44 ./Drivers/BSP/Components/lsm6dsl/lsm6dsl_reg.o
                0x08005958                lsm6dsl_gy_full_scale_get
 .text.lsm6dsl_gy_data_rate_set
                0x0800599c       0x32 ./Drivers/BSP/Components/lsm6dsl/lsm6dsl_reg.o
                0x0800599c                lsm6dsl_gy_data_rate_set
 .text.lsm6dsl_gy_data_rate_get
                0x080059ce       0x5c ./Drivers/BSP/Components/lsm6dsl/lsm6dsl_reg.o
                0x080059ce                lsm6dsl_gy_data_rate_get
 .text.lsm6dsl_block_data_update_set
                0x08005a2a       0x34 ./Drivers/BSP/Components/lsm6dsl/lsm6dsl_reg.o
                0x08005a2a                lsm6dsl_block_data_update_set
 .text.lsm6dsl_angular_rate_raw_get
                0x08005a5e       0x34 ./Drivers/BSP/Components/lsm6dsl/lsm6dsl_reg.o
                0x08005a5e                lsm6dsl_angular_rate_raw_get
 .text.lsm6dsl_acceleration_raw_get
                0x08005a92       0x34 ./Drivers/BSP/Components/lsm6dsl/lsm6dsl_reg.o
                0x08005a92                lsm6dsl_acceleration_raw_get
 .text.lsm6dsl_device_id_get
                0x08005ac6        0xe ./Drivers/BSP/Components/lsm6dsl/lsm6dsl_reg.o
                0x08005ac6                lsm6dsl_device_id_get
 .text.lsm6dsl_auto_increment_set
                0x08005ad4       0x34 ./Drivers/BSP/Components/lsm6dsl/lsm6dsl_reg.o
                0x08005ad4                lsm6dsl_auto_increment_set
 .text.lsm6dsl_fifo_mode_set
                0x08005b08       0x30 ./Drivers/BSP/Components/lsm6dsl/lsm6dsl_reg.o
                0x08005b08                lsm6dsl_fifo_mode_set
 .text.IKS01A2_ENV_SENSOR_Init
                0x08005b38      0x26c ./Drivers/BSP/IKS01A2/iks01a2_env_sensors.o
                0x08005b38                IKS01A2_ENV_SENSOR_Init
 .text.IKS01A2_ENV_SENSOR_Enable
                0x08005da4       0x4c ./Drivers/BSP/IKS01A2/iks01a2_env_sensors.o
                0x08005da4                IKS01A2_ENV_SENSOR_Enable
 .text.IKS01A2_ENV_SENSOR_GetValue
                0x08005df0       0x50 ./Drivers/BSP/IKS01A2/iks01a2_env_sensors.o
                0x08005df0                IKS01A2_ENV_SENSOR_GetValue
 .text.IKS01A2_MOTION_SENSOR_Init
                0x08005e40      0x2d0 ./Drivers/BSP/IKS01A2/iks01a2_motion_sensors.o
                0x08005e40                IKS01A2_MOTION_SENSOR_Init
 .text.IKS01A2_MOTION_SENSOR_Enable
                0x08006110       0x4c ./Drivers/BSP/IKS01A2/iks01a2_motion_sensors.o
                0x08006110                IKS01A2_MOTION_SENSOR_Enable
 .text.IKS01A2_MOTION_SENSOR_GetAxes
                0x0800615c       0x50 ./Drivers/BSP/IKS01A2/iks01a2_motion_sensors.o
                0x0800615c                IKS01A2_MOTION_SENSOR_GetAxes
 .text.BSP_LED_Init
                0x080061ac       0x5c ./Drivers/BSP/STM32L0xx_Nucleo/stm32l0xx_nucleo.o
                0x080061ac                BSP_LED_Init
 .text.BSP_LED_Toggle
                0x08006208       0x10 ./Drivers/BSP/STM32L0xx_Nucleo/stm32l0xx_nucleo.o
                0x08006208                BSP_LED_Toggle
 .text.BSP_PB_Init
                0x08006218       0x98 ./Drivers/BSP/STM32L0xx_Nucleo/stm32l0xx_nucleo.o
                0x08006218                BSP_PB_Init
 .text.BSP_PB_GetState
                0x080062b0       0x18 ./Drivers/BSP/STM32L0xx_Nucleo/stm32l0xx_nucleo.o
                0x080062b0                BSP_PB_GetState
 .text.BUTTON_USER_EXTI_Callback
                0x080062c8        0xa ./Drivers/BSP/STM32L0xx_Nucleo/stm32l0xx_nucleo.o
 *fill*         0x080062d2        0x2 
 .text.MX_USART2_UART_Init
                0x080062d4       0x30 ./Drivers/BSP/STM32L0xx_Nucleo/stm32l0xx_nucleo.o
                0x080062d4                MX_USART2_UART_Init
 .text.BSP_COM_Init
                0x08006304       0xa8 ./Drivers/BSP/STM32L0xx_Nucleo/stm32l0xx_nucleo.o
                0x08006304                BSP_COM_Init
 .text.__io_putchar
                0x080063ac       0x28 ./Drivers/BSP/STM32L0xx_Nucleo/stm32l0xx_nucleo.o
                0x080063ac                __io_putchar
 .text.HAL_InitTick
                0x080063d4       0x48 ./Drivers/STM32L0xx_HAL_Driver/Src/stm32l0xx_hal.o
                0x080063d4                HAL_InitTick
 .text.HAL_Init
                0x0800641c       0x28 ./Drivers/STM32L0xx_HAL_Driver/Src/stm32l0xx_hal.o
                0x0800641c                HAL_Init
 .text.HAL_IncTick
                0x08006444       0x18 ./Drivers/STM32L0xx_HAL_Driver/Src/stm32l0xx_hal.o
                0x08006444                HAL_IncTick
 .text.HAL_GetTick
                0x0800645c        0xc ./Drivers/STM32L0xx_HAL_Driver/Src/stm32l0xx_hal.o
                0x0800645c                HAL_GetTick
 .text.HAL_Delay
                0x08006468       0x24 ./Drivers/STM32L0xx_HAL_Driver/Src/stm32l0xx_hal.o
                0x08006468                HAL_Delay
 .text.HAL_NVIC_SetPriority
                0x0800648c       0x54 ./Drivers/STM32L0xx_HAL_Driver/Src/stm32l0xx_hal_cortex.o
                0x0800648c                HAL_NVIC_SetPriority
 .text.HAL_NVIC_EnableIRQ
                0x080064e0       0x18 ./Drivers/STM32L0xx_HAL_Driver/Src/stm32l0xx_hal_cortex.o
                0x080064e0                HAL_NVIC_EnableIRQ
 .text.HAL_NVIC_DisableIRQ
                0x080064f8       0x20 ./Drivers/STM32L0xx_HAL_Driver/Src/stm32l0xx_hal_cortex.o
                0x080064f8                HAL_NVIC_DisableIRQ
 .text.HAL_SYSTICK_Config
                0x08006518       0x34 ./Drivers/STM32L0xx_HAL_Driver/Src/stm32l0xx_hal_cortex.o
                0x08006518                HAL_SYSTICK_Config
 .text.HAL_DMA_Abort
                0x0800654c       0x40 ./Drivers/STM32L0xx_HAL_Driver/Src/stm32l0xx_hal_dma.o
                0x0800654c                HAL_DMA_Abort
 .text.HAL_DMA_Abort_IT
                0x0800658c       0x46 ./Drivers/STM32L0xx_HAL_Driver/Src/stm32l0xx_hal_dma.o
                0x0800658c                HAL_DMA_Abort_IT
 .text.HAL_DMA_GetState
                0x080065d2        0x8 ./Drivers/STM32L0xx_HAL_Driver/Src/stm32l0xx_hal_dma.o
                0x080065d2                HAL_DMA_GetState
 .text.HAL_EXTI_RegisterCallback
                0x080065da        0xe ./Drivers/STM32L0xx_HAL_Driver/Src/stm32l0xx_hal_exti.o
                0x080065da                HAL_EXTI_RegisterCallback
 .text.HAL_EXTI_GetHandle
                0x080065e8        0xe ./Drivers/STM32L0xx_HAL_Driver/Src/stm32l0xx_hal_exti.o
                0x080065e8                HAL_EXTI_GetHandle
 *fill*         0x080065f6        0x2 
 .text.HAL_EXTI_IRQHandler
                0x080065f8       0x24 ./Drivers/STM32L0xx_HAL_Driver/Src/stm32l0xx_hal_exti.o
                0x080065f8                HAL_EXTI_IRQHandler
 .text.HAL_GPIO_Init
                0x0800661c      0x174 ./Drivers/STM32L0xx_HAL_Driver/Src/stm32l0xx_hal_gpio.o
                0x0800661c                HAL_GPIO_Init
 .text.HAL_GPIO_DeInit
                0x08006790       0xe8 ./Drivers/STM32L0xx_HAL_Driver/Src/stm32l0xx_hal_gpio.o
                0x08006790                HAL_GPIO_DeInit
 .text.HAL_GPIO_ReadPin
                0x08006878        0xc ./Drivers/STM32L0xx_HAL_Driver/Src/stm32l0xx_hal_gpio.o
                0x08006878                HAL_GPIO_ReadPin
 .text.HAL_GPIO_WritePin
                0x08006884        0xc ./Drivers/STM32L0xx_HAL_Driver/Src/stm32l0xx_hal_gpio.o
                0x08006884                HAL_GPIO_WritePin
 .text.HAL_GPIO_TogglePin
                0x08006890       0x10 ./Drivers/STM32L0xx_HAL_Driver/Src/stm32l0xx_hal_gpio.o
                0x08006890                HAL_GPIO_TogglePin
 .text.I2C_Flush_TXDR
                0x080068a0       0x1c ./Drivers/STM32L0xx_HAL_Driver/Src/stm32l0xx_hal_i2c.o
 .text.I2C_TransferConfig
                0x080068bc       0x2c ./Drivers/STM32L0xx_HAL_Driver/Src/stm32l0xx_hal_i2c.o
 .text.I2C_Disable_IRQ
                0x080068e8       0x48 ./Drivers/STM32L0xx_HAL_Driver/Src/stm32l0xx_hal_i2c.o
 .text.I2C_IsErrorOccurred
                0x08006930       0xfc ./Drivers/STM32L0xx_HAL_Driver/Src/stm32l0xx_hal_i2c.o
 .text.I2C_WaitOnTXISFlagUntilTimeout
                0x08006a2c       0x5c ./Drivers/STM32L0xx_HAL_Driver/Src/stm32l0xx_hal_i2c.o
 .text.I2C_WaitOnFlagUntilTimeout
                0x08006a88       0x6e ./Drivers/STM32L0xx_HAL_Driver/Src/stm32l0xx_hal_i2c.o
 .text.I2C_WaitOnSTOPFlagUntilTimeout
                0x08006af6       0x54 ./Drivers/STM32L0xx_HAL_Driver/Src/stm32l0xx_hal_i2c.o
 .text.HAL_I2C_MspInit
                0x08006b4a        0x2 ./Drivers/STM32L0xx_HAL_Driver/Src/stm32l0xx_hal_i2c.o
                0x08006b4a                HAL_I2C_MspInit
 .text.HAL_I2C_Init
                0x08006b4c       0xbc ./Drivers/STM32L0xx_HAL_Driver/Src/stm32l0xx_hal_i2c.o
                0x08006b4c                HAL_I2C_Init
 .text.HAL_I2C_MspDeInit
                0x08006c08        0x2 ./Drivers/STM32L0xx_HAL_Driver/Src/stm32l0xx_hal_i2c.o
                0x08006c08                HAL_I2C_MspDeInit
 .text.HAL_I2C_DeInit
                0x08006c0a       0x34 ./Drivers/STM32L0xx_HAL_Driver/Src/stm32l0xx_hal_i2c.o
                0x08006c0a                HAL_I2C_DeInit
 *fill*         0x08006c3e        0x2 
 .text.HAL_I2C_Mem_Write
                0x08006c40      0x1b4 ./Drivers/STM32L0xx_HAL_Driver/Src/stm32l0xx_hal_i2c.o
                0x08006c40                HAL_I2C_Mem_Write
 .text.HAL_I2C_Mem_Read
                0x08006df4      0x1bc ./Drivers/STM32L0xx_HAL_Driver/Src/stm32l0xx_hal_i2c.o
                0x08006df4                HAL_I2C_Mem_Read
 .text.HAL_I2C_EV_IRQHandler
                0x08006fb0       0x12 ./Drivers/STM32L0xx_HAL_Driver/Src/stm32l0xx_hal_i2c.o
                0x08006fb0                HAL_I2C_EV_IRQHandler
 .text.HAL_I2C_SlaveTxCpltCallback
                0x08006fc2        0x2 ./Drivers/STM32L0xx_HAL_Driver/Src/stm32l0xx_hal_i2c.o
                0x08006fc2                HAL_I2C_SlaveTxCpltCallback
 .text.HAL_I2C_SlaveRxCpltCallback
                0x08006fc4        0x2 ./Drivers/STM32L0xx_HAL_Driver/Src/stm32l0xx_hal_i2c.o
                0x08006fc4                HAL_I2C_SlaveRxCpltCallback
 *fill*         0x08006fc6        0x2 
 .text.I2C_ITSlaveSeqCplt
                0x08006fc8       0x80 ./Drivers/STM32L0xx_HAL_Driver/Src/stm32l0xx_hal_i2c.o
 .text.HAL_I2C_AddrCallback
                0x08007048        0x2 ./Drivers/STM32L0xx_HAL_Driver/Src/stm32l0xx_hal_i2c.o
                0x08007048                HAL_I2C_AddrCallback
 .text.I2C_ITAddrCplt.constprop.0
                0x0800704a       0x9a ./Drivers/STM32L0xx_HAL_Driver/Src/stm32l0xx_hal_i2c.o
 .text.HAL_I2C_ListenCpltCallback
                0x080070e4        0x2 ./Drivers/STM32L0xx_HAL_Driver/Src/stm32l0xx_hal_i2c.o
                0x080070e4                HAL_I2C_ListenCpltCallback
 *fill*         0x080070e6        0x2 
 .text.I2C_ITListenCplt
                0x080070e8       0x6c ./Drivers/STM32L0xx_HAL_Driver/Src/stm32l0xx_hal_i2c.o
 .text.HAL_I2C_ErrorCallback
                0x08007154        0x2 ./Drivers/STM32L0xx_HAL_Driver/Src/stm32l0xx_hal_i2c.o
                0x08007154                HAL_I2C_ErrorCallback
 .text.HAL_I2C_AbortCpltCallback
                0x08007156        0x2 ./Drivers/STM32L0xx_HAL_Driver/Src/stm32l0xx_hal_i2c.o
                0x08007156                HAL_I2C_AbortCpltCallback
 .text.I2C_TreatErrorCallback
                0x08007158       0x2a ./Drivers/STM32L0xx_HAL_Driver/Src/stm32l0xx_hal_i2c.o
 *fill*         0x08007182        0x2 
 .text.I2C_ITError
                0x08007184      0x114 ./Drivers/STM32L0xx_HAL_Driver/Src/stm32l0xx_hal_i2c.o
 .text.HAL_I2C_ER_IRQHandler
                0x08007298       0x58 ./Drivers/STM32L0xx_HAL_Driver/Src/stm32l0xx_hal_i2c.o
                0x08007298                HAL_I2C_ER_IRQHandler
 .text.I2C_ITSlaveCplt.constprop.0
                0x080072f0      0x1c8 ./Drivers/STM32L0xx_HAL_Driver/Src/stm32l0xx_hal_i2c.o
 .text.I2C_Slave_ISR_IT
                0x080074b8      0x11c ./Drivers/STM32L0xx_HAL_Driver/Src/stm32l0xx_hal_i2c.o
 .text.I2C_DMAAbort
                0x080075d4       0x1e ./Drivers/STM32L0xx_HAL_Driver/Src/stm32l0xx_hal_i2c.o
 .text.HAL_I2C_GetState
                0x080075f2        0x8 ./Drivers/STM32L0xx_HAL_Driver/Src/stm32l0xx_hal_i2c.o
                0x080075f2                HAL_I2C_GetState
 .text.HAL_I2C_GetError
                0x080075fa        0x4 ./Drivers/STM32L0xx_HAL_Driver/Src/stm32l0xx_hal_i2c.o
                0x080075fa                HAL_I2C_GetError
 *fill*         0x080075fe        0x2 
 .text.HAL_I2CEx_ConfigAnalogFilter
                0x08007600       0x4c ./Drivers/STM32L0xx_HAL_Driver/Src/stm32l0xx_hal_i2c_ex.o
                0x08007600                HAL_I2CEx_ConfigAnalogFilter
 .text.HAL_I2CEx_ConfigDigitalFilter
                0x0800764c       0x48 ./Drivers/STM32L0xx_HAL_Driver/Src/stm32l0xx_hal_i2c_ex.o
                0x0800764c                HAL_I2CEx_ConfigDigitalFilter
 .text.HAL_RCC_GetSysClockFreq
                0x08007694       0x84 ./Drivers/STM32L0xx_HAL_Driver/Src/stm32l0xx_hal_rcc.o
                0x08007694                HAL_RCC_GetSysClockFreq
 .text.HAL_RCC_OscConfig
                0x08007718      0x504 ./Drivers/STM32L0xx_HAL_Driver/Src/stm32l0xx_hal_rcc.o
                0x08007718                HAL_RCC_OscConfig
 .text.HAL_RCC_ClockConfig
                0x08007c1c      0x19c ./Drivers/STM32L0xx_HAL_Driver/Src/stm32l0xx_hal_rcc.o
                0x08007c1c                HAL_RCC_ClockConfig
 .text.HAL_RCC_GetPCLK1Freq
                0x08007db8       0x20 ./Drivers/STM32L0xx_HAL_Driver/Src/stm32l0xx_hal_rcc.o
                0x08007db8                HAL_RCC_GetPCLK1Freq
 .text.HAL_RCC_GetPCLK2Freq
                0x08007dd8       0x20 ./Drivers/STM32L0xx_HAL_Driver/Src/stm32l0xx_hal_rcc.o
                0x08007dd8                HAL_RCC_GetPCLK2Freq
 .text.HAL_RCCEx_PeriphCLKConfig
                0x08007df8      0x1f4 ./Drivers/STM32L0xx_HAL_Driver/Src/stm32l0xx_hal_rcc_ex.o
                0x08007df8                HAL_RCCEx_PeriphCLKConfig
 .text.SPI_WaitFlagStateUntilTimeout
                0x08007fec       0xc0 ./Drivers/STM32L0xx_HAL_Driver/Src/stm32l0xx_hal_spi.o
 .text.SPI_EndRxTxTransaction
                0x080080ac       0x7c ./Drivers/STM32L0xx_HAL_Driver/Src/stm32l0xx_hal_spi.o
 .text.HAL_SPI_MspInit
                0x08008128        0x2 ./Drivers/STM32L0xx_HAL_Driver/Src/stm32l0xx_hal_spi.o
                0x08008128                HAL_SPI_MspInit
 *fill*         0x0800812a        0x2 
 .text.HAL_SPI_Init
                0x0800812c       0xc4 ./Drivers/STM32L0xx_HAL_Driver/Src/stm32l0xx_hal_spi.o
                0x0800812c                HAL_SPI_Init
 .text.HAL_SPI_TransmitReceive
                0x080081f0      0x210 ./Drivers/STM32L0xx_HAL_Driver/Src/stm32l0xx_hal_spi.o
                0x080081f0                HAL_SPI_TransmitReceive
 .text.HAL_SPI_ErrorCallback
                0x08008400        0x2 ./Drivers/STM32L0xx_HAL_Driver/Src/stm32l0xx_hal_spi.o
                0x08008400                HAL_SPI_ErrorCallback
 *fill*         0x08008402        0x2 
 .text.HAL_SPI_IRQHandler
                0x08008404      0x118 ./Drivers/STM32L0xx_HAL_Driver/Src/stm32l0xx_hal_spi.o
                0x08008404                HAL_SPI_IRQHandler
 .text.SPI_DMAAbortOnError
                0x0800851c       0x10 ./Drivers/STM32L0xx_HAL_Driver/Src/stm32l0xx_hal_spi.o
 .text.HAL_SPI_GetState
                0x0800852c        0x8 ./Drivers/STM32L0xx_HAL_Driver/Src/stm32l0xx_hal_spi.o
                0x0800852c                HAL_SPI_GetState
 .text.UART_EndRxTransfer
                0x08008534       0x5c ./Drivers/STM32L0xx_HAL_Driver/Src/stm32l0xx_hal_uart.o
 .text.HAL_UART_MspInit
                0x08008590        0x2 ./Drivers/STM32L0xx_HAL_Driver/Src/stm32l0xx_hal_uart.o
                0x08008590                HAL_UART_MspInit
 .text.HAL_UART_TxCpltCallback
                0x08008592        0x2 ./Drivers/STM32L0xx_HAL_Driver/Src/stm32l0xx_hal_uart.o
                0x08008592                HAL_UART_TxCpltCallback
 .text.HAL_UART_ErrorCallback
                0x08008594        0x2 ./Drivers/STM32L0xx_HAL_Driver/Src/stm32l0xx_hal_uart.o
                0x08008594                HAL_UART_ErrorCallback
 .text.UART_DMAAbortOnError
                0x08008596       0x12 ./Drivers/STM32L0xx_HAL_Driver/Src/stm32l0xx_hal_uart.o
 .text.HAL_UARTEx_RxEventCallback
                0x080085a8        0x2 ./Drivers/STM32L0xx_HAL_Driver/Src/stm32l0xx_hal_uart.o
                0x080085a8                HAL_UARTEx_RxEventCallback
 *fill*         0x080085aa        0x2 
 .text.HAL_UART_IRQHandler
                0x080085ac      0x2d0 ./Drivers/STM32L0xx_HAL_Driver/Src/stm32l0xx_hal_uart.o
                0x080085ac                HAL_UART_IRQHandler
 .text.UART_SetConfig
                0x0800887c      0x1f0 ./Drivers/STM32L0xx_HAL_Driver/Src/stm32l0xx_hal_uart.o
                0x0800887c                UART_SetConfig
 .text.UART_AdvFeatureConfig
                0x08008a6c       0xd0 ./Drivers/STM32L0xx_HAL_Driver/Src/stm32l0xx_hal_uart.o
                0x08008a6c                UART_AdvFeatureConfig
 .text.UART_WaitOnFlagUntilTimeout
                0x08008b3c       0x90 ./Drivers/STM32L0xx_HAL_Driver/Src/stm32l0xx_hal_uart.o
                0x08008b3c                UART_WaitOnFlagUntilTimeout
 .text.HAL_UART_Transmit
                0x08008bcc       0xcc ./Drivers/STM32L0xx_HAL_Driver/Src/stm32l0xx_hal_uart.o
                0x08008bcc                HAL_UART_Transmit
 .text.UART_CheckIdleState
                0x08008c98       0xc0 ./Drivers/STM32L0xx_HAL_Driver/Src/stm32l0xx_hal_uart.o
                0x08008c98                UART_CheckIdleState
 .text.HAL_UART_Init
                0x08008d58       0x64 ./Drivers/STM32L0xx_HAL_Driver/Src/stm32l0xx_hal_uart.o
                0x08008d58                HAL_UART_Init
 .text.HAL_UARTEx_WakeupCallback
                0x08008dbc        0x2 ./Drivers/STM32L0xx_HAL_Driver/Src/stm32l0xx_hal_uart_ex.o
                0x08008dbc                HAL_UARTEx_WakeupCallback
 *fill*         0x08008dbe        0x2 
 .text.aci_gap_init_IDB05A1
                0x08008dc0       0x68 ./Middlewares/ST/BlueNRG-MS/hci/controller/bluenrg_gap_aci.o
                0x08008dc0                aci_gap_init_IDB05A1
 .text.aci_gap_init_IDB04A1
                0x08008e28       0x68 ./Middlewares/ST/BlueNRG-MS/hci/controller/bluenrg_gap_aci.o
                0x08008e28                aci_gap_init_IDB04A1
 .text.aci_gap_set_discoverable
                0x08008e90       0xc4 ./Middlewares/ST/BlueNRG-MS/hci/controller/bluenrg_gap_aci.o
                0x08008e90                aci_gap_set_discoverable
 .text.aci_gap_set_auth_requirement
                0x08008f54       0x84 ./Middlewares/ST/BlueNRG-MS/hci/controller/bluenrg_gap_aci.o
                0x08008f54                aci_gap_set_auth_requirement
 .text.aci_gap_update_adv_data
                0x08008fd8       0x4c ./Middlewares/ST/BlueNRG-MS/hci/controller/bluenrg_gap_aci.o
                0x08008fd8                aci_gap_update_adv_data
 .text.aci_gatt_init
                0x08009024       0x38 ./Middlewares/ST/BlueNRG-MS/hci/controller/bluenrg_gatt_aci.o
                0x08009024                aci_gatt_init
 .text.aci_gatt_add_serv
                0x0800905c       0x70 ./Middlewares/ST/BlueNRG-MS/hci/controller/bluenrg_gatt_aci.o
                0x0800905c                aci_gatt_add_serv
 .text.aci_gatt_add_char
                0x080090cc       0xa8 ./Middlewares/ST/BlueNRG-MS/hci/controller/bluenrg_gatt_aci.o
                0x080090cc                aci_gatt_add_char
 .text.aci_gatt_update_char_value
                0x08009174       0x54 ./Middlewares/ST/BlueNRG-MS/hci/controller/bluenrg_gatt_aci.o
                0x08009174                aci_gatt_update_char_value
 .text.aci_gatt_allow_read
                0x080091c8       0x38 ./Middlewares/ST/BlueNRG-MS/hci/controller/bluenrg_gatt_aci.o
                0x080091c8                aci_gatt_allow_read
 .text.aci_hal_read_config_data
                0x08009200       0x5c ./Middlewares/ST/BlueNRG-MS/hci/controller/bluenrg_hal_aci.o
                0x08009200                aci_hal_read_config_data
 .text.aci_hal_set_tx_power_level
                0x0800925c       0x3c ./Middlewares/ST/BlueNRG-MS/hci/controller/bluenrg_hal_aci.o
                0x0800925c                aci_hal_set_tx_power_level
 .text.getBlueNRGVersion
                0x08009298       0x42 ./Middlewares/ST/BlueNRG-MS/hci/controller/bluenrg_utils_small.o
                0x08009298                getBlueNRGVersion
 *fill*         0x080092da        0x2 
 .text.hci_reset
                0x080092dc       0x38 ./Middlewares/ST/BlueNRG-MS/hci/hci_le.o
                0x080092dc                hci_reset
 .text.hci_le_read_local_version
                0x08009314       0x70 ./Middlewares/ST/BlueNRG-MS/hci/hci_le.o
                0x08009314                hci_le_read_local_version
 .text.hci_le_set_scan_resp_data
                0x08009384       0x60 ./Middlewares/ST/BlueNRG-MS/hci/hci_le.o
                0x08009384                hci_le_set_scan_resp_data
 .text.move_list.constprop.0
                0x080093e4       0x28 ./Middlewares/ST/BlueNRG-MS/hci/hci_tl_patterns/Basic/hci_tl.o
 .text.hci_init
                0x0800940c       0x5c ./Middlewares/ST/BlueNRG-MS/hci/hci_tl_patterns/Basic/hci_tl.o
                0x0800940c                hci_init
 .text.hci_register_io_bus
                0x08009468       0x1c ./Middlewares/ST/BlueNRG-MS/hci/hci_tl_patterns/Basic/hci_tl.o
                0x08009468                hci_register_io_bus
 .text.hci_send_req
                0x08009484      0x1a0 ./Middlewares/ST/BlueNRG-MS/hci/hci_tl_patterns/Basic/hci_tl.o
                0x08009484                hci_send_req
 .text.hci_user_evt_proc
                0x08009624       0x40 ./Middlewares/ST/BlueNRG-MS/hci/hci_tl_patterns/Basic/hci_tl.o
                0x08009624                hci_user_evt_proc
 .text.hci_notify_asynch_evt
                0x08009664       0x6c ./Middlewares/ST/BlueNRG-MS/hci/hci_tl_patterns/Basic/hci_tl.o
                0x08009664                hci_notify_asynch_evt
 .text.list_init_head
                0x080096d0        0x6 ./Middlewares/ST/BlueNRG-MS/utils/ble_list.o
                0x080096d0                list_init_head
 .text.list_is_empty
                0x080096d6       0x16 ./Middlewares/ST/BlueNRG-MS/utils/ble_list.o
                0x080096d6                list_is_empty
 .text.list_insert_head
                0x080096ec       0x18 ./Middlewares/ST/BlueNRG-MS/utils/ble_list.o
                0x080096ec                list_insert_head
 .text.list_insert_tail
                0x08009704       0x18 ./Middlewares/ST/BlueNRG-MS/utils/ble_list.o
                0x08009704                list_insert_tail
 .text.list_remove_node
                0x0800971c       0x14 ./Middlewares/ST/BlueNRG-MS/utils/ble_list.o
                0x0800971c                list_remove_node
 .text.list_remove_head
                0x08009730       0x22 ./Middlewares/ST/BlueNRG-MS/utils/ble_list.o
                0x08009730                list_remove_head
 .text.list_remove_tail
                0x08009752       0x22 ./Middlewares/ST/BlueNRG-MS/utils/ble_list.o
                0x08009752                list_remove_tail
 .text.list_get_size
                0x08009774       0x1c ./Middlewares/ST/BlueNRG-MS/utils/ble_list.o
                0x08009774                list_get_size
 .text.srand    0x08009790       0x60 C:/ST/STM32CubeIDE_1.18.0/STM32CubeIDE/plugins/com.st.stm32cube.ide.mcu.externaltools.gnu-tools-for-stm32.13.3.rel1.win32_1.0.0.202411081344/tools/bin/../lib/gcc/arm-none-eabi/13.3.1/../../../../arm-none-eabi/lib/thumb/v6-m/nofp\libc_nano.a(libc_a-rand.o)
                0x08009790                srand
 .text.rand     0x080097f0       0x7c C:/ST/STM32CubeIDE_1.18.0/STM32CubeIDE/plugins/com.st.stm32cube.ide.mcu.externaltools.gnu-tools-for-stm32.13.3.rel1.win32_1.0.0.202411081344/tools/bin/../lib/gcc/arm-none-eabi/13.3.1/../../../../arm-none-eabi/lib/thumb/v6-m/nofp\libc_nano.a(libc_a-rand.o)
                0x080097f0                rand
 .text.std      0x0800986c       0x6c C:/ST/STM32CubeIDE_1.18.0/STM32CubeIDE/plugins/com.st.stm32cube.ide.mcu.externaltools.gnu-tools-for-stm32.13.3.rel1.win32_1.0.0.202411081344/tools/bin/../lib/gcc/arm-none-eabi/13.3.1/../../../../arm-none-eabi/lib/thumb/v6-m/nofp\libc_nano.a(libc_a-findfp.o)
 .text.stdio_exit_handler
                0x080098d8       0x1c C:/ST/STM32CubeIDE_1.18.0/STM32CubeIDE/plugins/com.st.stm32cube.ide.mcu.externaltools.gnu-tools-for-stm32.13.3.rel1.win32_1.0.0.202411081344/tools/bin/../lib/gcc/arm-none-eabi/13.3.1/../../../../arm-none-eabi/lib/thumb/v6-m/nofp\libc_nano.a(libc_a-findfp.o)
 .text.cleanup_stdio
                0x080098f4       0x3c C:/ST/STM32CubeIDE_1.18.0/STM32CubeIDE/plugins/com.st.stm32cube.ide.mcu.externaltools.gnu-tools-for-stm32.13.3.rel1.win32_1.0.0.202411081344/tools/bin/../lib/gcc/arm-none-eabi/13.3.1/../../../../arm-none-eabi/lib/thumb/v6-m/nofp\libc_nano.a(libc_a-findfp.o)
 .text.global_stdio_init.part.0
                0x08009930       0x3c C:/ST/STM32CubeIDE_1.18.0/STM32CubeIDE/plugins/com.st.stm32cube.ide.mcu.externaltools.gnu-tools-for-stm32.13.3.rel1.win32_1.0.0.202411081344/tools/bin/../lib/gcc/arm-none-eabi/13.3.1/../../../../arm-none-eabi/lib/thumb/v6-m/nofp\libc_nano.a(libc_a-findfp.o)
 .text.__sfp_lock_acquire
                0x0800996c       0x10 C:/ST/STM32CubeIDE_1.18.0/STM32CubeIDE/plugins/com.st.stm32cube.ide.mcu.externaltools.gnu-tools-for-stm32.13.3.rel1.win32_1.0.0.202411081344/tools/bin/../lib/gcc/arm-none-eabi/13.3.1/../../../../arm-none-eabi/lib/thumb/v6-m/nofp\libc_nano.a(libc_a-findfp.o)
                0x0800996c                __sfp_lock_acquire
 .text.__sfp_lock_release
                0x0800997c       0x10 C:/ST/STM32CubeIDE_1.18.0/STM32CubeIDE/plugins/com.st.stm32cube.ide.mcu.externaltools.gnu-tools-for-stm32.13.3.rel1.win32_1.0.0.202411081344/tools/bin/../lib/gcc/arm-none-eabi/13.3.1/../../../../arm-none-eabi/lib/thumb/v6-m/nofp\libc_nano.a(libc_a-findfp.o)
                0x0800997c                __sfp_lock_release
 .text.__sinit  0x0800998c       0x30 C:/ST/STM32CubeIDE_1.18.0/STM32CubeIDE/plugins/com.st.stm32cube.ide.mcu.externaltools.gnu-tools-for-stm32.13.3.rel1.win32_1.0.0.202411081344/tools/bin/../lib/gcc/arm-none-eabi/13.3.1/../../../../arm-none-eabi/lib/thumb/v6-m/nofp\libc_nano.a(libc_a-findfp.o)
                0x0800998c                __sinit
 .text._fwalk_sglue
                0x080099bc       0x38 C:/ST/STM32CubeIDE_1.18.0/STM32CubeIDE/plugins/com.st.stm32cube.ide.mcu.externaltools.gnu-tools-for-stm32.13.3.rel1.win32_1.0.0.202411081344/tools/bin/../lib/gcc/arm-none-eabi/13.3.1/../../../../arm-none-eabi/lib/thumb/v6-m/nofp\libc_nano.a(libc_a-fwalk.o)
                0x080099bc                _fwalk_sglue
 .text.printf   0x080099f4       0x20 C:/ST/STM32CubeIDE_1.18.0/STM32CubeIDE/plugins/com.st.stm32cube.ide.mcu.externaltools.gnu-tools-for-stm32.13.3.rel1.win32_1.0.0.202411081344/tools/bin/../lib/gcc/arm-none-eabi/13.3.1/../../../../arm-none-eabi/lib/thumb/v6-m/nofp\libc_nano.a(libc_a-printf.o)
                0x080099f4                iprintf
                0x080099f4                printf
 .text._puts_r  0x08009a14       0xac C:/ST/STM32CubeIDE_1.18.0/STM32CubeIDE/plugins/com.st.stm32cube.ide.mcu.externaltools.gnu-tools-for-stm32.13.3.rel1.win32_1.0.0.202411081344/tools/bin/../lib/gcc/arm-none-eabi/13.3.1/../../../../arm-none-eabi/lib/thumb/v6-m/nofp\libc_nano.a(libc_a-puts.o)
                0x08009a14                _puts_r
 .text.puts     0x08009ac0       0x14 C:/ST/STM32CubeIDE_1.18.0/STM32CubeIDE/plugins/com.st.stm32cube.ide.mcu.externaltools.gnu-tools-for-stm32.13.3.rel1.win32_1.0.0.202411081344/tools/bin/../lib/gcc/arm-none-eabi/13.3.1/../../../../arm-none-eabi/lib/thumb/v6-m/nofp\libc_nano.a(libc_a-puts.o)
                0x08009ac0                puts
 .text.__sread  0x08009ad4       0x28 C:/ST/STM32CubeIDE_1.18.0/STM32CubeIDE/plugins/com.st.stm32cube.ide.mcu.externaltools.gnu-tools-for-stm32.13.3.rel1.win32_1.0.0.202411081344/tools/bin/../lib/gcc/arm-none-eabi/13.3.1/../../../../arm-none-eabi/lib/thumb/v6-m/nofp\libc_nano.a(libc_a-stdio.o)
                0x08009ad4                __sread
 .text.__swrite
                0x08009afc       0x38 C:/ST/STM32CubeIDE_1.18.0/STM32CubeIDE/plugins/com.st.stm32cube.ide.mcu.externaltools.gnu-tools-for-stm32.13.3.rel1.win32_1.0.0.202411081344/tools/bin/../lib/gcc/arm-none-eabi/13.3.1/../../../../arm-none-eabi/lib/thumb/v6-m/nofp\libc_nano.a(libc_a-stdio.o)
                0x08009afc                __swrite
 .text.__sseek  0x08009b34       0x2c C:/ST/STM32CubeIDE_1.18.0/STM32CubeIDE/plugins/com.st.stm32cube.ide.mcu.externaltools.gnu-tools-for-stm32.13.3.rel1.win32_1.0.0.202411081344/tools/bin/../lib/gcc/arm-none-eabi/13.3.1/../../../../arm-none-eabi/lib/thumb/v6-m/nofp\libc_nano.a(libc_a-stdio.o)
                0x08009b34                __sseek
 .text.__sclose
                0x08009b60        0xc C:/ST/STM32CubeIDE_1.18.0/STM32CubeIDE/plugins/com.st.stm32cube.ide.mcu.externaltools.gnu-tools-for-stm32.13.3.rel1.win32_1.0.0.202411081344/tools/bin/../lib/gcc/arm-none-eabi/13.3.1/../../../../arm-none-eabi/lib/thumb/v6-m/nofp\libc_nano.a(libc_a-stdio.o)
                0x08009b60                __sclose
 .text.__swbuf_r
                0x08009b6c       0x84 C:/ST/STM32CubeIDE_1.18.0/STM32CubeIDE/plugins/com.st.stm32cube.ide.mcu.externaltools.gnu-tools-for-stm32.13.3.rel1.win32_1.0.0.202411081344/tools/bin/../lib/gcc/arm-none-eabi/13.3.1/../../../../arm-none-eabi/lib/thumb/v6-m/nofp\libc_nano.a(libc_a-wbuf.o)
                0x08009b6c                __swbuf_r
 .text.__swsetup_r
                0x08009bf0       0xbc C:/ST/STM32CubeIDE_1.18.0/STM32CubeIDE/plugins/com.st.stm32cube.ide.mcu.externaltools.gnu-tools-for-stm32.13.3.rel1.win32_1.0.0.202411081344/tools/bin/../lib/gcc/arm-none-eabi/13.3.1/../../../../arm-none-eabi/lib/thumb/v6-m/nofp\libc_nano.a(libc_a-wsetup.o)
                0x08009bf0                __swsetup_r
 .text.memset   0x08009cac       0x10 C:/ST/STM32CubeIDE_1.18.0/STM32CubeIDE/plugins/com.st.stm32cube.ide.mcu.externaltools.gnu-tools-for-stm32.13.3.rel1.win32_1.0.0.202411081344/tools/bin/../lib/gcc/arm-none-eabi/13.3.1/../../../../arm-none-eabi/lib/thumb/v6-m/nofp\libc_nano.a(libc_a-memset.o)
                0x08009cac                memset
 .text._close_r
                0x08009cbc       0x24 C:/ST/STM32CubeIDE_1.18.0/STM32CubeIDE/plugins/com.st.stm32cube.ide.mcu.externaltools.gnu-tools-for-stm32.13.3.rel1.win32_1.0.0.202411081344/tools/bin/../lib/gcc/arm-none-eabi/13.3.1/../../../../arm-none-eabi/lib/thumb/v6-m/nofp\libc_nano.a(libc_a-closer.o)
                0x08009cbc                _close_r
 .text._lseek_r
                0x08009ce0       0x28 C:/ST/STM32CubeIDE_1.18.0/STM32CubeIDE/plugins/com.st.stm32cube.ide.mcu.externaltools.gnu-tools-for-stm32.13.3.rel1.win32_1.0.0.202411081344/tools/bin/../lib/gcc/arm-none-eabi/13.3.1/../../../../arm-none-eabi/lib/thumb/v6-m/nofp\libc_nano.a(libc_a-lseekr.o)
                0x08009ce0                _lseek_r
 .text._read_r  0x08009d08       0x28 C:/ST/STM32CubeIDE_1.18.0/STM32CubeIDE/plugins/com.st.stm32cube.ide.mcu.externaltools.gnu-tools-for-stm32.13.3.rel1.win32_1.0.0.202411081344/tools/bin/../lib/gcc/arm-none-eabi/13.3.1/../../../../arm-none-eabi/lib/thumb/v6-m/nofp\libc_nano.a(libc_a-readr.o)
                0x08009d08                _read_r
 .text._write_r
                0x08009d30       0x28 C:/ST/STM32CubeIDE_1.18.0/STM32CubeIDE/plugins/com.st.stm32cube.ide.mcu.externaltools.gnu-tools-for-stm32.13.3.rel1.win32_1.0.0.202411081344/tools/bin/../lib/gcc/arm-none-eabi/13.3.1/../../../../arm-none-eabi/lib/thumb/v6-m/nofp\libc_nano.a(libc_a-writer.o)
                0x08009d30                _write_r
 .text.__errno  0x08009d58        0xc C:/ST/STM32CubeIDE_1.18.0/STM32CubeIDE/plugins/com.st.stm32cube.ide.mcu.externaltools.gnu-tools-for-stm32.13.3.rel1.win32_1.0.0.202411081344/tools/bin/../lib/gcc/arm-none-eabi/13.3.1/../../../../arm-none-eabi/lib/thumb/v6-m/nofp\libc_nano.a(libc_a-errno.o)
                0x08009d58                __errno
 .text.__libc_init_array
                0x08009d64       0x48 C:/ST/STM32CubeIDE_1.18.0/STM32CubeIDE/plugins/com.st.stm32cube.ide.mcu.externaltools.gnu-tools-for-stm32.13.3.rel1.win32_1.0.0.202411081344/tools/bin/../lib/gcc/arm-none-eabi/13.3.1/../../../../arm-none-eabi/lib/thumb/v6-m/nofp\libc_nano.a(libc_a-init.o)
                0x08009d64                __libc_init_array
 .text.__retarget_lock_init_recursive
                0x08009dac        0x2 C:/ST/STM32CubeIDE_1.18.0/STM32CubeIDE/plugins/com.st.stm32cube.ide.mcu.externaltools.gnu-tools-for-stm32.13.3.rel1.win32_1.0.0.202411081344/tools/bin/../lib/gcc/arm-none-eabi/13.3.1/../../../../arm-none-eabi/lib/thumb/v6-m/nofp\libc_nano.a(libc_a-lock.o)
                0x08009dac                __retarget_lock_init_recursive
 .text.__retarget_lock_acquire_recursive
                0x08009dae        0x2 C:/ST/STM32CubeIDE_1.18.0/STM32CubeIDE/plugins/com.st.stm32cube.ide.mcu.externaltools.gnu-tools-for-stm32.13.3.rel1.win32_1.0.0.202411081344/tools/bin/../lib/gcc/arm-none-eabi/13.3.1/../../../../arm-none-eabi/lib/thumb/v6-m/nofp\libc_nano.a(libc_a-lock.o)
                0x08009dae                __retarget_lock_acquire_recursive
 .text.__retarget_lock_release_recursive
                0x08009db0        0x2 C:/ST/STM32CubeIDE_1.18.0/STM32CubeIDE/plugins/com.st.stm32cube.ide.mcu.externaltools.gnu-tools-for-stm32.13.3.rel1.win32_1.0.0.202411081344/tools/bin/../lib/gcc/arm-none-eabi/13.3.1/../../../../arm-none-eabi/lib/thumb/v6-m/nofp\libc_nano.a(libc_a-lock.o)
                0x08009db0                __retarget_lock_release_recursive
 .text.memcpy   0x08009db2       0x12 C:/ST/STM32CubeIDE_1.18.0/STM32CubeIDE/plugins/com.st.stm32cube.ide.mcu.externaltools.gnu-tools-for-stm32.13.3.rel1.win32_1.0.0.202411081344/tools/bin/../lib/gcc/arm-none-eabi/13.3.1/../../../../arm-none-eabi/lib/thumb/v6-m/nofp\libc_nano.a(libc_a-memcpy-stub.o)
                0x08009db2                memcpy
 .text.__assert_func
                0x08009dc4       0x3c C:/ST/STM32CubeIDE_1.18.0/STM32CubeIDE/plugins/com.st.stm32cube.ide.mcu.externaltools.gnu-tools-for-stm32.13.3.rel1.win32_1.0.0.202411081344/tools/bin/../lib/gcc/arm-none-eabi/13.3.1/../../../../arm-none-eabi/lib/thumb/v6-m/nofp\libc_nano.a(libc_a-assert.o)
                0x08009dc4                __assert_func
 .text._free_r  0x08009e00       0x94 C:/ST/STM32CubeIDE_1.18.0/STM32CubeIDE/plugins/com.st.stm32cube.ide.mcu.externaltools.gnu-tools-for-stm32.13.3.rel1.win32_1.0.0.202411081344/tools/bin/../lib/gcc/arm-none-eabi/13.3.1/../../../../arm-none-eabi/lib/thumb/v6-m/nofp\libc_nano.a(libc_a-freer.o)
                0x08009e00                _free_r
 .text.malloc   0x08009e94       0x14 C:/ST/STM32CubeIDE_1.18.0/STM32CubeIDE/plugins/com.st.stm32cube.ide.mcu.externaltools.gnu-tools-for-stm32.13.3.rel1.win32_1.0.0.202411081344/tools/bin/../lib/gcc/arm-none-eabi/13.3.1/../../../../arm-none-eabi/lib/thumb/v6-m/nofp\libc_nano.a(libc_a-malloc.o)
                0x08009e94                malloc
 .text.sbrk_aligned
                0x08009ea8       0x44 C:/ST/STM32CubeIDE_1.18.0/STM32CubeIDE/plugins/com.st.stm32cube.ide.mcu.externaltools.gnu-tools-for-stm32.13.3.rel1.win32_1.0.0.202411081344/tools/bin/../lib/gcc/arm-none-eabi/13.3.1/../../../../arm-none-eabi/lib/thumb/v6-m/nofp\libc_nano.a(libc_a-mallocr.o)
 .text._malloc_r
                0x08009eec      0x100 C:/ST/STM32CubeIDE_1.18.0/STM32CubeIDE/plugins/com.st.stm32cube.ide.mcu.externaltools.gnu-tools-for-stm32.13.3.rel1.win32_1.0.0.202411081344/tools/bin/../lib/gcc/arm-none-eabi/13.3.1/../../../../arm-none-eabi/lib/thumb/v6-m/nofp\libc_nano.a(libc_a-mallocr.o)
                0x08009eec                _malloc_r
 .text.__malloc_lock
                0x08009fec       0x10 C:/ST/STM32CubeIDE_1.18.0/STM32CubeIDE/plugins/com.st.stm32cube.ide.mcu.externaltools.gnu-tools-for-stm32.13.3.rel1.win32_1.0.0.202411081344/tools/bin/../lib/gcc/arm-none-eabi/13.3.1/../../../../arm-none-eabi/lib/thumb/v6-m/nofp\libc_nano.a(libc_a-mlock.o)
                0x08009fec                __malloc_lock
 .text.__malloc_unlock
                0x08009ffc       0x10 C:/ST/STM32CubeIDE_1.18.0/STM32CubeIDE/plugins/com.st.stm32cube.ide.mcu.externaltools.gnu-tools-for-stm32.13.3.rel1.win32_1.0.0.202411081344/tools/bin/../lib/gcc/arm-none-eabi/13.3.1/../../../../arm-none-eabi/lib/thumb/v6-m/nofp\libc_nano.a(libc_a-mlock.o)
                0x08009ffc                __malloc_unlock
 .text.__sfputc_r
                0x0800a00c       0x2a C:/ST/STM32CubeIDE_1.18.0/STM32CubeIDE/plugins/com.st.stm32cube.ide.mcu.externaltools.gnu-tools-for-stm32.13.3.rel1.win32_1.0.0.202411081344/tools/bin/../lib/gcc/arm-none-eabi/13.3.1/../../../../arm-none-eabi/lib/thumb/v6-m/nofp\libc_nano.a(libc_a-nano-vfprintf.o)
 .text.__sfputs_r
                0x0800a036       0x24 C:/ST/STM32CubeIDE_1.18.0/STM32CubeIDE/plugins/com.st.stm32cube.ide.mcu.externaltools.gnu-tools-for-stm32.13.3.rel1.win32_1.0.0.202411081344/tools/bin/../lib/gcc/arm-none-eabi/13.3.1/../../../../arm-none-eabi/lib/thumb/v6-m/nofp\libc_nano.a(libc_a-nano-vfprintf.o)
                0x0800a036                __sfputs_r
 *fill*         0x0800a05a        0x2 
 .text._vfprintf_r
                0x0800a05c      0x238 C:/ST/STM32CubeIDE_1.18.0/STM32CubeIDE/plugins/com.st.stm32cube.ide.mcu.externaltools.gnu-tools-for-stm32.13.3.rel1.win32_1.0.0.202411081344/tools/bin/../lib/gcc/arm-none-eabi/13.3.1/../../../../arm-none-eabi/lib/thumb/v6-m/nofp\libc_nano.a(libc_a-nano-vfprintf.o)
                0x0800a05c                _vfprintf_r
                0x0800a05c                _vfiprintf_r
 .text._printf_common
                0x0800a294       0xde C:/ST/STM32CubeIDE_1.18.0/STM32CubeIDE/plugins/com.st.stm32cube.ide.mcu.externaltools.gnu-tools-for-stm32.13.3.rel1.win32_1.0.0.202411081344/tools/bin/../lib/gcc/arm-none-eabi/13.3.1/../../../../arm-none-eabi/lib/thumb/v6-m/nofp\libc_nano.a(libc_a-nano-vfprintf_i.o)
                0x0800a294                _printf_common
 *fill*         0x0800a372        0x2 
 .text._printf_i
                0x0800a374      0x218 C:/ST/STM32CubeIDE_1.18.0/STM32CubeIDE/plugins/com.st.stm32cube.ide.mcu.externaltools.gnu-tools-for-stm32.13.3.rel1.win32_1.0.0.202411081344/tools/bin/../lib/gcc/arm-none-eabi/13.3.1/../../../../arm-none-eabi/lib/thumb/v6-m/nofp\libc_nano.a(libc_a-nano-vfprintf_i.o)
                0x0800a374                _printf_i
 .text.__sflush_r
                0x0800a58c      0x10c C:/ST/STM32CubeIDE_1.18.0/STM32CubeIDE/plugins/com.st.stm32cube.ide.mcu.externaltools.gnu-tools-for-stm32.13.3.rel1.win32_1.0.0.202411081344/tools/bin/../lib/gcc/arm-none-eabi/13.3.1/../../../../arm-none-eabi/lib/thumb/v6-m/nofp\libc_nano.a(libc_a-fflush.o)
                0x0800a58c                __sflush_r
 .text._fflush_r
                0x0800a698       0x56 C:/ST/STM32CubeIDE_1.18.0/STM32CubeIDE/plugins/com.st.stm32cube.ide.mcu.externaltools.gnu-tools-for-stm32.13.3.rel1.win32_1.0.0.202411081344/tools/bin/../lib/gcc/arm-none-eabi/13.3.1/../../../../arm-none-eabi/lib/thumb/v6-m/nofp\libc_nano.a(libc_a-fflush.o)
                0x0800a698                _fflush_r
 *fill*         0x0800a6ee        0x2 
 .text.fprintf  0x0800a6f0       0x20 C:/ST/STM32CubeIDE_1.18.0/STM32CubeIDE/plugins/com.st.stm32cube.ide.mcu.externaltools.gnu-tools-for-stm32.13.3.rel1.win32_1.0.0.202411081344/tools/bin/../lib/gcc/arm-none-eabi/13.3.1/../../../../arm-none-eabi/lib/thumb/v6-m/nofp\libc_nano.a(libc_a-fprintf.o)
                0x0800a6f0                fiprintf
                0x0800a6f0                fprintf
 .text.__swhatbuf_r
                0x0800a710       0x54 C:/ST/STM32CubeIDE_1.18.0/STM32CubeIDE/plugins/com.st.stm32cube.ide.mcu.externaltools.gnu-tools-for-stm32.13.3.rel1.win32_1.0.0.202411081344/tools/bin/../lib/gcc/arm-none-eabi/13.3.1/../../../../arm-none-eabi/lib/thumb/v6-m/nofp\libc_nano.a(libc_a-makebuf.o)
                0x0800a710                __swhatbuf_r
 .text.__smakebuf_r
                0x0800a764       0x82 C:/ST/STM32CubeIDE_1.18.0/STM32CubeIDE/plugins/com.st.stm32cube.ide.mcu.externaltools.gnu-tools-for-stm32.13.3.rel1.win32_1.0.0.202411081344/tools/bin/../lib/gcc/arm-none-eabi/13.3.1/../../../../arm-none-eabi/lib/thumb/v6-m/nofp\libc_nano.a(libc_a-makebuf.o)
                0x0800a764                __smakebuf_r
 *fill*         0x0800a7e6        0x2 
 .text._fstat_r
                0x0800a7e8       0x24 C:/ST/STM32CubeIDE_1.18.0/STM32CubeIDE/plugins/com.st.stm32cube.ide.mcu.externaltools.gnu-tools-for-stm32.13.3.rel1.win32_1.0.0.202411081344/tools/bin/../lib/gcc/arm-none-eabi/13.3.1/../../../../arm-none-eabi/lib/thumb/v6-m/nofp\libc_nano.a(libc_a-fstatr.o)
                0x0800a7e8                _fstat_r
 .text._isatty_r
                0x0800a80c       0x24 C:/ST/STM32CubeIDE_1.18.0/STM32CubeIDE/plugins/com.st.stm32cube.ide.mcu.externaltools.gnu-tools-for-stm32.13.3.rel1.win32_1.0.0.202411081344/tools/bin/../lib/gcc/arm-none-eabi/13.3.1/../../../../arm-none-eabi/lib/thumb/v6-m/nofp\libc_nano.a(libc_a-isattyr.o)
                0x0800a80c                _isatty_r