../Drivers/BSP/IKS01A2/iks01a2_env_sensors.c:100:9:IKS01A2_ENV_SENSOR_Init	96	static
../Drivers/BSP/IKS01A2/iks01a2_env_sensors.c:265:9:IKS01A2_ENV_SENSOR_DeInit	8	static
../Drivers/BSP/IKS01A2/iks01a2_env_sensors.c:291:9:IKS01A2_ENV_SENSOR_GetCapabilities	8	static
../Drivers/BSP/IKS01A2/iks01a2_env_sensors.c:317:9:IKS01A2_ENV_SENSOR_ReadID	8	static
../Drivers/BSP/IKS01A2/iks01a2_env_sensors.c:345:9:IKS01A2_ENV_SENSOR_Enable	16	static
../Drivers/BSP/IKS01A2/iks01a2_env_sensors.c:383:9:IKS01A2_ENV_SENSOR_Disable	16	static
../Drivers/BSP/IKS01A2/iks01a2_env_sensors.c:422:9:IKS01A2_ENV_SENSOR_GetOutputDataRate	24	static
../Drivers/BSP/IKS01A2/iks01a2_env_sensors.c:461:9:IKS01A2_ENV_SENSOR_SetOutputDataRate	24	static
../Drivers/BSP/IKS01A2/iks01a2_env_sensors.c:500:9:IKS01A2_ENV_SENSOR_GetValue	24	static
