../Drivers/STM32L0xx_HAL_Driver/Src/stm32l0xx_hal_spi.c:3937:13:SPI_AbortRx_ISR	16	static
../Drivers/STM32L0xx_HAL_Driver/Src/stm32l0xx_hal_spi.c:3973:13:SPI_AbortTx_ISR	0	static
../Drivers/STM32L0xx_HAL_Driver/Src/stm32l0xx_hal_spi.c:3549:26:SPI_WaitFlagStateUntilTimeout	40	static
../Drivers/STM32L0xx_HAL_Driver/Src/stm32l0xx_hal_spi.c:3669:26:SPI_EndRxTxTransaction	40	static
../Drivers/STM32L0xx_HAL_Driver/Src/stm32l0xx_hal_spi.c:3619:26:SPI_EndRxTransaction	32	static
../Drivers/STM32L0xx_HAL_Driver/Src/stm32l0xx_hal_spi.c:491:13:HAL_SPI_MspInit	0	static
../Drivers/STM32L0xx_HAL_Driver/Src/stm32l0xx_hal_spi.c:321:19:HAL_SPI_Init	24	static
../Drivers/STM32L0xx_HAL_Driver/Src/stm32l0xx_hal_spi.c:507:13:HAL_SPI_MspDeInit	0	static
../Drivers/STM32L0xx_HAL_Driver/Src/stm32l0xx_hal_spi.c:447:19:HAL_SPI_DeInit	16	static
../Drivers/STM32L0xx_HAL_Driver/Src/stm32l0xx_hal_spi.c:779:19:HAL_SPI_Transmit	40	static
../Drivers/STM32L0xx_HAL_Driver/Src/stm32l0xx_hal_spi.c:1162:19:HAL_SPI_TransmitReceive	40	static
../Drivers/STM32L0xx_HAL_Driver/Src/stm32l0xx_hal_spi.c:955:19:HAL_SPI_Receive	48	static
../Drivers/STM32L0xx_HAL_Driver/Src/stm32l0xx_hal_spi.c:1421:19:HAL_SPI_Transmit_IT	20	static
../Drivers/STM32L0xx_HAL_Driver/Src/stm32l0xx_hal_spi.c:1608:19:HAL_SPI_TransmitReceive_IT	20	static
../Drivers/STM32L0xx_HAL_Driver/Src/stm32l0xx_hal_spi.c:1510:19:HAL_SPI_Receive_IT	24	static
../Drivers/STM32L0xx_HAL_Driver/Src/stm32l0xx_hal_spi.c:1703:19:HAL_SPI_Transmit_DMA	24	static
../Drivers/STM32L0xx_HAL_Driver/Src/stm32l0xx_hal_spi.c:1917:19:HAL_SPI_TransmitReceive_DMA	24	static
../Drivers/STM32L0xx_HAL_Driver/Src/stm32l0xx_hal_spi.c:1807:19:HAL_SPI_Receive_DMA	24	static
../Drivers/STM32L0xx_HAL_Driver/Src/stm32l0xx_hal_spi.c:2060:19:HAL_SPI_Abort	24	static
../Drivers/STM32L0xx_HAL_Driver/Src/stm32l0xx_hal_spi.c:2366:19:HAL_SPI_DMAPause	0	static
../Drivers/STM32L0xx_HAL_Driver/Src/stm32l0xx_hal_spi.c:2386:19:HAL_SPI_DMAResume	0	static
../Drivers/STM32L0xx_HAL_Driver/Src/stm32l0xx_hal_spi.c:2406:19:HAL_SPI_DMAStop	16	static
../Drivers/STM32L0xx_HAL_Driver/Src/stm32l0xx_hal_spi.c:2555:13:HAL_SPI_TxCpltCallback	0	static
../Drivers/STM32L0xx_HAL_Driver/Src/stm32l0xx_hal_spi.c:2571:13:HAL_SPI_RxCpltCallback	0	static
../Drivers/STM32L0xx_HAL_Driver/Src/stm32l0xx_hal_spi.c:2587:13:HAL_SPI_TxRxCpltCallback	0	static
../Drivers/STM32L0xx_HAL_Driver/Src/stm32l0xx_hal_spi.c:2603:13:HAL_SPI_TxHalfCpltCallback	0	static
../Drivers/STM32L0xx_HAL_Driver/Src/stm32l0xx_hal_spi.c:2967:13:SPI_DMAHalfTransmitCplt	8	static
../Drivers/STM32L0xx_HAL_Driver/Src/stm32l0xx_hal_spi.c:2619:13:HAL_SPI_RxHalfCpltCallback	0	static
../Drivers/STM32L0xx_HAL_Driver/Src/stm32l0xx_hal_spi.c:2985:13:SPI_DMAHalfReceiveCplt	8	static
../Drivers/STM32L0xx_HAL_Driver/Src/stm32l0xx_hal_spi.c:2635:13:HAL_SPI_TxRxHalfCpltCallback	0	static
../Drivers/STM32L0xx_HAL_Driver/Src/stm32l0xx_hal_spi.c:3003:13:SPI_DMAHalfTransmitReceiveCplt	8	static
../Drivers/STM32L0xx_HAL_Driver/Src/stm32l0xx_hal_spi.c:2651:13:HAL_SPI_ErrorCallback	0	static
../Drivers/STM32L0xx_HAL_Driver/Src/stm32l0xx_hal_spi.c:3876:13:SPI_CloseTx_ISR	16	static
../Drivers/STM32L0xx_HAL_Driver/Src/stm32l0xx_hal_spi.c:3494:13:SPI_TxISR_8BIT	8	static
../Drivers/STM32L0xx_HAL_Driver/Src/stm32l0xx_hal_spi.c:3519:13:SPI_TxISR_16BIT	8	static
../Drivers/STM32L0xx_HAL_Driver/Src/stm32l0xx_hal_spi.c:3813:13:SPI_CloseRx_ISR	16	static
../Drivers/STM32L0xx_HAL_Driver/Src/stm32l0xx_hal_spi.c:3405:13:SPI_RxISR_8BIT	8	static
../Drivers/STM32L0xx_HAL_Driver/Src/stm32l0xx_hal_spi.c:3461:13:SPI_RxISR_16BIT	8	static
../Drivers/STM32L0xx_HAL_Driver/Src/stm32l0xx_hal_spi.c:3718:13:SPI_CloseRxTx_ISR	16	static
../Drivers/STM32L0xx_HAL_Driver/Src/stm32l0xx_hal_spi.c:3253:13:SPI_2linesTxISR_8BIT	8	static
../Drivers/STM32L0xx_HAL_Driver/Src/stm32l0xx_hal_spi.c:3190:13:SPI_2linesRxISR_8BIT	8	static
../Drivers/STM32L0xx_HAL_Driver/Src/stm32l0xx_hal_spi.c:3345:13:SPI_2linesTxISR_16BIT	8	static
../Drivers/STM32L0xx_HAL_Driver/Src/stm32l0xx_hal_spi.c:3289:13:SPI_2linesRxISR_16BIT	8	static
../Drivers/STM32L0xx_HAL_Driver/Src/stm32l0xx_hal_spi.c:3021:13:SPI_DMAError	8	static
../Drivers/STM32L0xx_HAL_Driver/Src/stm32l0xx_hal_spi.c:2741:13:SPI_DMATransmitCplt	24	static
../Drivers/STM32L0xx_HAL_Driver/Src/stm32l0xx_hal_spi.c:2798:13:SPI_DMAReceiveCplt	16	static
../Drivers/STM32L0xx_HAL_Driver/Src/stm32l0xx_hal_spi.c:2887:13:SPI_DMATransmitReceiveCplt	16	static
../Drivers/STM32L0xx_HAL_Driver/Src/stm32l0xx_hal_spi.c:2448:6:HAL_SPI_IRQHandler	40	static
../Drivers/STM32L0xx_HAL_Driver/Src/stm32l0xx_hal_spi.c:3044:13:SPI_DMAAbortOnError	8	static
../Drivers/STM32L0xx_HAL_Driver/Src/stm32l0xx_hal_spi.c:2669:13:HAL_SPI_AbortCpltCallback	0	static
../Drivers/STM32L0xx_HAL_Driver/Src/stm32l0xx_hal_spi.c:2205:19:HAL_SPI_Abort_IT	32	static
../Drivers/STM32L0xx_HAL_Driver/Src/stm32l0xx_hal_spi.c:3131:13:SPI_DMARxAbortCallback	24	static
../Drivers/STM32L0xx_HAL_Driver/Src/stm32l0xx_hal_spi.c:3066:13:SPI_DMATxAbortCallback	24	static
../Drivers/STM32L0xx_HAL_Driver/Src/stm32l0xx_hal_spi.c:2704:22:HAL_SPI_GetState	0	static
../Drivers/STM32L0xx_HAL_Driver/Src/stm32l0xx_hal_spi.c:2716:10:HAL_SPI_GetError	0	static
