../Drivers/STM32L0xx_HAL_Driver/Src/stm32l0xx_hal_cortex.c:131:6:HAL_NVIC_SetPriority	8	static
../Drivers/STM32L0xx_HAL_Driver/Src/stm32l0xx_hal_cortex.c:151:6:HAL_NVIC_EnableIRQ	0	static
../Drivers/STM32L0xx_HAL_Driver/Src/stm32l0xx_hal_cortex.c:167:6:HAL_NVIC_DisableIRQ	0	static,ignoring_inline_asm
../Drivers/STM32L0xx_HAL_Driver/Src/stm32l0xx_hal_cortex.c:180:6:HAL_NVIC_SystemReset	0	static,ignoring_inline_asm
../Drivers/STM32L0xx_HAL_Driver/Src/stm32l0xx_hal_cortex.c:193:10:HAL_SYSTICK_Config	0	static
../Drivers/STM32L0xx_HAL_Driver/Src/stm32l0xx_hal_cortex.c:225:10:HAL_NVIC_GetPriority	0	static
../Drivers/STM32L0xx_HAL_Driver/Src/stm32l0xx_hal_cortex.c:238:6:HAL_NVIC_SetPendingIRQ	0	static
../Drivers/STM32L0xx_HAL_Driver/Src/stm32l0xx_hal_cortex.c:253:10:HAL_NVIC_GetPendingIRQ	0	static
../Drivers/STM32L0xx_HAL_Driver/Src/stm32l0xx_hal_cortex.c:266:6:HAL_NVIC_ClearPendingIRQ	0	static
../Drivers/STM32L0xx_HAL_Driver/Src/stm32l0xx_hal_cortex.c:281:6:HAL_SYSTICK_CLKSourceConfig	0	static
../Drivers/STM32L0xx_HAL_Driver/Src/stm32l0xx_hal_cortex.c:308:13:HAL_SYSTICK_Callback	0	static
../Drivers/STM32L0xx_HAL_Driver/Src/stm32l0xx_hal_cortex.c:299:6:HAL_SYSTICK_IRQHandler	8	static
../Drivers/STM32L0xx_HAL_Driver/Src/stm32l0xx_hal_cortex.c:320:6:HAL_MPU_Disable	0	static,ignoring_inline_asm
../Drivers/STM32L0xx_HAL_Driver/Src/stm32l0xx_hal_cortex.c:341:6:HAL_MPU_Enable	0	static,ignoring_inline_asm
../Drivers/STM32L0xx_HAL_Driver/Src/stm32l0xx_hal_cortex.c:356:6:HAL_MPU_EnableRegion	0	static
../Drivers/STM32L0xx_HAL_Driver/Src/stm32l0xx_hal_cortex.c:372:6:HAL_MPU_DisableRegion	0	static
../Drivers/STM32L0xx_HAL_Driver/Src/stm32l0xx_hal_cortex.c:390:6:HAL_MPU_ConfigRegion	0	static
