../Drivers/BSP/IKS01A2/iks01a2_motion_sensors.c:149:9:IKS01A2_MOTION_SENSOR_Init	104	static
../Drivers/BSP/IKS01A2/iks01a2_motion_sensors.c:614:9:IKS01A2_MOTION_SENSOR_DeInit	8	static
../Drivers/BSP/IKS01A2/iks01a2_motion_sensors.c:640:9:IKS01A2_MOTION_SENSOR_GetCapabilities	8	static
../Drivers/BSP/IKS01A2/iks01a2_motion_sensors.c:666:9:IKS01A2_MOTION_SENSOR_ReadID	8	static
../Drivers/BSP/IKS01A2/iks01a2_motion_sensors.c:695:9:IKS01A2_MOTION_SENSOR_Enable	16	static
../Drivers/BSP/IKS01A2/iks01a2_motion_sensors.c:734:9:IKS01A2_MOTION_SENSOR_Disable	16	static
../Drivers/BSP/IKS01A2/iks01a2_motion_sensors.c:774:9:IKS01A2_MOTION_SENSOR_GetAxes	24	static
../Drivers/BSP/IKS01A2/iks01a2_motion_sensors.c:814:9:IKS01A2_MOTION_SENSOR_GetAxesRaw	24	static
../Drivers/BSP/IKS01A2/iks01a2_motion_sensors.c:854:9:IKS01A2_MOTION_SENSOR_GetSensitivity	24	static
../Drivers/BSP/IKS01A2/iks01a2_motion_sensors.c:895:9:IKS01A2_MOTION_SENSOR_GetOutputDataRate	24	static
../Drivers/BSP/IKS01A2/iks01a2_motion_sensors.c:935:9:IKS01A2_MOTION_SENSOR_GetFullScale	24	static
../Drivers/BSP/IKS01A2/iks01a2_motion_sensors.c:976:9:IKS01A2_MOTION_SENSOR_SetOutputDataRate	24	static
../Drivers/BSP/IKS01A2/iks01a2_motion_sensors.c:1016:9:IKS01A2_MOTION_SENSOR_SetFullScale	24	static
