../Drivers/BSP/STM32L0xx_Nucleo/stm32l0xx_nucleo.c:94:9:BSP_GetVersion	0	static
../Drivers/BSP/STM32L0xx_Nucleo/stm32l0xx_nucleo.c:106:9:BSP_LED_Init	48	static
../Drivers/BSP/STM32L0xx_Nucleo/stm32l0xx_nucleo.c:121:9:BSP_LED_DeInit	8	static
../Drivers/BSP/STM32L0xx_Nucleo/stm32l0xx_nucleo.c:144:9:BSP_LED_On	8	static
../Drivers/BSP/STM32L0xx_Nucleo/stm32l0xx_nucleo.c:161:9:BSP_LED_Off	8	static
../Drivers/BSP/STM32L0xx_Nucleo/stm32l0xx_nucleo.c:178:9:BSP_LED_Toggle	8	static
../Drivers/BSP/STM32L0xx_Nucleo/stm32l0xx_nucleo.c:195:9:BSP_LED_GetState	8	static
../Drivers/BSP/STM32L0xx_Nucleo/stm32l0xx_nucleo.c:237:9:BSP_PB_Init	56	static
../Drivers/BSP/STM32L0xx_Nucleo/stm32l0xx_nucleo.c:277:9:BSP_PB_DeInit	8	static
../Drivers/BSP/STM32L0xx_Nucleo/stm32l0xx_nucleo.c:295:9:BSP_PB_GetState	8	static
../Drivers/BSP/STM32L0xx_Nucleo/stm32l0xx_nucleo.c:304:6:BSP_PB_IRQHandler	8	static
../Drivers/BSP/STM32L0xx_Nucleo/stm32l0xx_nucleo.c:314:13:BSP_PB_Callback	0	static
../Drivers/BSP/STM32L0xx_Nucleo/stm32l0xx_nucleo.c:327:13:BUTTON_USER_EXTI_Callback	8	static
../Drivers/BSP/STM32L0xx_Nucleo/stm32l0xx_nucleo.c:401:9:BSP_COM_DeInit	16	static
../Drivers/BSP/STM32L0xx_Nucleo/stm32l0xx_nucleo.c:438:26:MX_USART2_UART_Init	8	static
../Drivers/BSP/STM32L0xx_Nucleo/stm32l0xx_nucleo.c:363:9:BSP_COM_Init	56	static
../Drivers/BSP/STM32L0xx_Nucleo/stm32l0xx_nucleo.c:542:9:BSP_COM_SelectLogPort	0	static
../Drivers/BSP/STM32L0xx_Nucleo/stm32l0xx_nucleo.c:588:5:__io_putchar	16	static
